Component: ARM Compiler 5.06 update 3 (build 300) Tool: armlink [4d35c9]

==============================================================================

Section Cross References

    main.o(i.ShowErrMessage) refers to _printf_percent.o(.ARM.Collect$$_printf_percent$$00000000) for _printf_percent
    main.o(i.ShowErrMessage) refers to as608.o(i.EnsureMessage) for EnsureMessage
    main.o(i.ShowErrMessage) refers to __2printf.o(.text) for __2printf
    main.o(i.face_add) refers to __2printf.o(.text) for __2printf
    main.o(i.face_delete) refers to __2printf.o(.text) for __2printf
    main.o(i.face_recognition) refers to main.o(i.upload_pic) for upload_pic
    main.o(i.face_recognition) refers to __2printf.o(.text) for __2printf
    main.o(i.face_recognition) refers to main.o(i.wait_ack) for wait_ack
    main.o(i.fingerprint_add) refers to _printf_percent.o(.ARM.Collect$$_printf_percent$$00000000) for _printf_percent
    main.o(i.fingerprint_add) refers to _printf_d.o(.ARM.Collect$$_printf_percent$$00000009) for _printf_d
    main.o(i.fingerprint_add) refers to _printf_dec.o(.text) for _printf_int_dec
    main.o(i.fingerprint_add) refers to __2printf.o(.text) for __2printf
    main.o(i.fingerprint_add) refers to as608.o(i.PS_GetImage) for PS_GetImage
    main.o(i.fingerprint_add) refers to as608.o(i.PS_GenChar) for PS_GenChar
    main.o(i.fingerprint_add) refers to main.o(i.ShowErrMessage) for ShowErrMessage
    main.o(i.fingerprint_add) refers to as608.o(i.PS_Match) for PS_Match
    main.o(i.fingerprint_add) refers to delay.o(i.delay_ms) for delay_ms
    main.o(i.fingerprint_add) refers to as608.o(i.PS_RegModel) for PS_RegModel
    main.o(i.fingerprint_add) refers to key.o(i.KEY_Scan) for KEY_Scan
    main.o(i.fingerprint_add) refers to as608.o(i.PS_StoreChar) for PS_StoreChar
    main.o(i.fingerprint_delete) refers to _printf_percent.o(.ARM.Collect$$_printf_percent$$00000000) for _printf_percent
    main.o(i.fingerprint_delete) refers to _printf_d.o(.ARM.Collect$$_printf_percent$$00000009) for _printf_d
    main.o(i.fingerprint_delete) refers to _printf_dec.o(.text) for _printf_int_dec
    main.o(i.fingerprint_delete) refers to __2printf.o(.text) for __2printf
    main.o(i.fingerprint_delete) refers to key.o(i.KEY_Scan) for KEY_Scan
    main.o(i.fingerprint_delete) refers to delay.o(i.delay_ms) for delay_ms
    main.o(i.fingerprint_delete) refers to as608.o(i.PS_Empty) for PS_Empty
    main.o(i.fingerprint_delete) refers to as608.o(i.PS_DeletChar) for PS_DeletChar
    main.o(i.fingerprint_delete) refers to main.o(i.ShowErrMessage) for ShowErrMessage
    main.o(i.fingerprint_delete) refers to main.o(.conststring) for .conststring
    main.o(i.fingerprint_recognition) refers to main.o(i.press_FR) for press_FR
    main.o(i.fingerprint_recognition) refers to delay.o(i.delay_ms) for delay_ms
    main.o(i.get_gas) refers to __2printf.o(.text) for __2printf
    main.o(i.get_temperature) refers to ds18b20.o(i.DS18B20_Get_Temp) for DS18B20_Get_Temp
    main.o(i.is_safe) refers to main.o(i.get_temperature) for get_temperature
    main.o(i.main) refers to _printf_percent.o(.ARM.Collect$$_printf_percent$$00000000) for _printf_percent
    main.o(i.main) refers to _printf_d.o(.ARM.Collect$$_printf_percent$$00000009) for _printf_d
    main.o(i.main) refers to _printf_x.o(.ARM.Collect$$_printf_percent$$0000000C) for _printf_x
    main.o(i.main) refers to _printf_dec.o(.text) for _printf_int_dec
    main.o(i.main) refers to _printf_hex_int_ll_ptr.o(.text) for _printf_longlong_hex
    main.o(i.main) refers to delay.o(i.delay_init) for delay_init
    main.o(i.main) refers to misc.o(i.NVIC_PriorityGroupConfig) for NVIC_PriorityGroupConfig
    main.o(i.main) refers to usart.o(i.uart_init) for uart_init
    main.o(i.main) refers to usart2.o(i.usart2_init) for usart2_init
    main.o(i.main) refers to as608.o(i.PS_StaGPIO_Init) for PS_StaGPIO_Init
    main.o(i.main) refers to led.o(i.LED_Init) for LED_Init
    main.o(i.main) refers to key.o(i.KEY_Init) for KEY_Init
    main.o(i.main) refers to beep.o(i.BEEP_Init) for BEEP_Init
    main.o(i.main) refers to w25qxx.o(i.W25QXX_Init) for W25QXX_Init
    main.o(i.main) refers to malloc.o(i.my_mem_init) for my_mem_init
    main.o(i.main) refers to exfuns.o(i.exfuns_init) for exfuns_init
    main.o(i.main) refers to ff.o(i.f_mount) for f_mount
    main.o(i.main) refers to ds18b20.o(i.DS18B20_Init) for DS18B20_Init
    main.o(i.main) refers to ov7725.o(i.OV7725_Init) for OV7725_Init
    main.o(i.main) refers to ov7725.o(i.OV7725_Window_Set) for OV7725_Window_Set
    main.o(i.main) refers to timer.o(i.TIM6_Int_Init) for TIM6_Int_Init
    main.o(i.main) refers to exti.o(i.EXTI8_Init) for EXTI8_Init
    main.o(i.main) refers to __2printf.o(.text) for __2printf
    main.o(i.main) refers to delay.o(i.delay_ms) for delay_ms
    main.o(i.main) refers to as608.o(i.PS_HandShake) for PS_HandShake
[...]
    fac_us                                   0x2000002c   Data           1  delay.o(.data)
    fac_ms                                   0x2000002e   Data           2  delay.o(.data)
    .data                                    0x20000030   Section        6  usart.o(.data)
    .data                                    0x20000036   Section        1  key.o(.data)
    key_up                                   0x20000036   Data           1  key.o(.data)
    .data                                    0x20000038   Section       16  sdio_sdcard.o(.data)
    CardType                                 0x20000038   Data           1  sdio_sdcard.o(.data)
    RCA                                      0x2000003c   Data           4  sdio_sdcard.o(.data)
    DeviceMode                               0x20000040   Data           1  sdio_sdcard.o(.data)
    StopCondition                            0x20000041   Data           1  sdio_sdcard.o(.data)
    .data                                    0x20000048   Section        2  w25qxx.o(.data)
    .data                                    0x2000004c   Section        4  as608.o(.data)
    .data                                    0x20000050   Section        2  usart2.o(.data)
    .data                                    0x20000052   Section        1  timer.o(.data)
    .data                                    0x20000053   Section        1  exti.o(.data)
    .data                                    0x20000054   Section       28  malloc.o(.data)
    .data                                    0x20000070   Section        2  diskio.o(.data)
    .data                                    0x20000074   Section       10  ff.o(.data)
    FatFs                                    0x20000074   Data           8  ff.o(.data)
    Fsid                                     0x2000007c   Data           2  ff.o(.data)
    .data                                    0x20000080   Section       28  exfuns.o(.data)
    .data                                    0x2000009c   Section       28  usmart.o(.data)
    .data                                    0x200000b8   Section      292  usmart_config.o(.data)
    .bss                                     0x200001dc   Section       12  main.o(.bss)
    .bss                                     0x200001e8   Section      200  usart.o(.bss)
    .bss                                     0x200002b0   Section      704  sdio_sdcard.o(.bss)
    CSD_Tab                                  0x200002f4   Data          16  sdio_sdcard.o(.bss)
    CID_Tab                                  0x20000304   Data          16  sdio_sdcard.o(.bss)
    .bss                                     0x20000570   Section     4096  w25qxx.o(.bss)
    .bss                                     0x20001570   Section      800  usart2.o(.bss)
    .bss                                     0x200018a0   Section    43520  malloc.o(.bss)
    .bss                                     0x2000c2a0   Section       96  libspace.o(.bss)
    HEAP                                     0x2000c300   Section      512  startup_stm32f10x_hd.o(HEAP)
    Heap_Mem                                 0x2000c300   Data         512  startup_stm32f10x_hd.o(HEAP)
    STACK                                    0x2000c500   Section     1024  startup_stm32f10x_hd.o(STACK)
    Stack_Mem                                0x2000c500   Data        1024  startup_stm32f10x_hd.o(STACK)
    __initial_sp                             0x2000c900   Data           0  startup_stm32f10x_hd.o(STACK)
    .ARM.__AT_0x68000000                     0x68000000   Section       32  malloc.o(.ARM.__AT_0x68000000)
    .ARM.__AT_0x68000020                     0x68000020   Section        2  malloc.o(.ARM.__AT_0x68000020)

    Global Symbols

    Symbol Name                              Value     Ov Type        Size  Object(Section)

    BuildAttributes$$THM_ISAv4$P$D$K$B$S$PE$A:L22UL41UL21$X:L11$S22US41US21$IEEE1$IW$USESV6$~STKCKD$USESV7$~SHL$OTIME$ROPI$IEEEJ$EBA8$UX$STANDARDLIB$REQ8$PRES8$EABIv2 0x00000000   Number         0  anon$$obj.o ABSOLUTE
    __ARM_use_no_argv                        0x00000000   Number         0  main.o ABSOLUTE
    _printf_flags                            0x00000000   Number         0  printf_stubs.o ABSOLUTE
    _printf_return_value                     0x00000000   Number         0  printf_stubs.o ABSOLUTE
    _printf_sizespec                         0x00000000   Number         0  printf_stubs.o ABSOLUTE
    _printf_widthprec                        0x00000000   Number         0  printf_stubs.o ABSOLUTE
    __ARM_exceptions_init                     - Undefined Weak Reference
    __alloca_initialize                       - Undefined Weak Reference
    __arm_preinit_                            - Undefined Weak Reference
    __cpp_initialize__aeabi_                  - Undefined Weak Reference
    __cxa_finalize                            - Undefined Weak Reference
    __sigvec_lookup                           - Undefined Weak Reference
    _atexit_init                              - Undefined Weak Reference
    _call_atexit_fns                          - Undefined Weak Reference
    _clock_init                               - Undefined Weak Reference
    _fp_trap_init                             - Undefined Weak Reference
    _fp_trap_shutdown                         - Undefined Weak Reference
    _get_lc_collate                           - Undefined Weak Reference
    _get_lc_monetary                          - Undefined Weak Reference
    _get_lc_time                              - Undefined Weak Reference
    _getenv_init                              - Undefined Weak Reference
    _handle_redirection                       - Undefined Weak Reference
    _init_alloc                               - Undefined Weak Reference
    _init_user_alloc                          - Undefined Weak Reference
    _initio                                   - Undefined Weak Reference
    _mutex_acquire                            - Undefined Weak Reference
    _mutex_release                            - Undefined Weak Reference
    _printf_fp_hex                            - Undefined Weak Reference
    _printf_mbtowc                            - Undefined Weak Reference
    _printf_wc                                - Undefined Weak Reference
    _rand_init                                - Undefined Weak Reference
    _signal_finish                            - Undefined Weak Reference
    _signal_init                              - Undefined Weak Reference
    _terminate_alloc                          - Undefined Weak Reference
    _terminate_user_alloc                     - Undefined Weak Reference
    _terminateio                              - Undefined Weak Reference
    __Vectors_Size                           0x00000130   Number         0  startup_stm32f10x_hd.o ABSOLUTE
    __Vectors                                0x08000000   Data           4  startup_stm32f10x_hd.o(RESET)
    __Vectors_End                            0x08000130   Data           0  startup_stm32f10x_hd.o(RESET)
    __main                                   0x08000131   Thumb Code     8  __main.o(!!!main)
    __scatterload                            0x08000139   Thumb Code     0  __scatter.o(!!!scatter)
    __scatterload_rt2                        0x08000139   Thumb Code    44  __scatter.o(!!!scatter)
    __scatterload_rt2_thumb_only             0x08000139   Thumb Code     0  __scatter.o(!!!scatter)
    __scatterload_null                       0x08000147   Thumb Code     0  __scatter.o(!!!scatter)
    __decompress                             0x0800016d   Thumb Code    90  __dczerorl2.o(!!dczerorl2)
    __decompress1                            0x0800016d   Thumb Code     0  __dczerorl2.o(!!dczerorl2)
    __scatterload_zeroinit                   0x080001c9   Thumb Code    28  __scatter_zi.o(!!handler_zi)
    _printf_d                                0x080001e5   Thumb Code     0  _printf_d.o(.ARM.Collect$$_printf_percent$$00000009)
    _printf_percent                          0x080001e5   Thumb Code     0  _printf_percent.o(.ARM.Collect$$_printf_percent$$00000000)
    _printf_u                                0x080001eb   Thumb Code     0  _printf_u.o(.ARM.Collect$$_printf_percent$$0000000A)
    _printf_x                                0x080001f1   Thumb Code     0  _printf_x.o(.ARM.Collect$$_printf_percent$$0000000C)
    _printf_c                                0x080001f7   Thumb Code     0  _printf_c.o(.ARM.Collect$$_printf_percent$$00000013)
    _printf_s                                0x080001fd   Thumb Code     0  _printf_s.o(.ARM.Collect$$_printf_percent$$00000014)
    _printf_percent_end                      0x08000203   Thumb Code     0  _printf_percent_end.o(.ARM.Collect$$_printf_percent$$00000017)
    __rt_lib_init                            0x08000207   Thumb Code     0  libinit.o(.ARM.Collect$$libinit$$00000000)
    __rt_lib_init_alloca_1                   0x08000209   Thumb Code     0  libinit2.o(.ARM.Collect$$libinit$$0000002E)
    __rt_lib_init_argv_1                     0x08000209   Thumb Code     0  libinit2.o(.ARM.Collect$$libinit$$0000002C)
    __rt_lib_init_atexit_1                   0x08000209   Thumb Code     0  libinit2.o(.ARM.Collect$$libinit$$0000001B)
    __rt_lib_init_clock_1                    0x08000209   Thumb Code     0  libinit2.o(.ARM.Collect$$libinit$$00000021)
    __rt_lib_init_cpp_1                      0x08000209   Thumb Code     0  libinit2.o(.ARM.Collect$$libinit$$00000032)
    __rt_lib_init_exceptions_1               0x08000209   Thumb Code     0  libinit2.o(.ARM.Collect$$libinit$$00000030)
    __rt_lib_init_fp_1                       0x08000209   Thumb Code     0  libinit2.o(.ARM.Collect$$libinit$$00000002)
    __rt_lib_init_fp_trap_1                  0x08000209   Thumb Code     0  libinit2.o(.ARM.Collect$$libinit$$0000001F)
    __rt_lib_init_getenv_1                   0x08000209   Thumb Code     0  libinit2.o(.ARM.Collect$$libinit$$00000023)
    __rt_lib_init_heap_1                     0x08000209   Thumb Code     0  libinit2.o(.ARM.Collect$$libinit$$0000000A)
    __rt_lib_init_lc_collate_1               0x08000209   Thumb Code     0  libinit2.o(.ARM.Collect$$libinit$$00000011)
    __rt_lib_init_lc_ctype_1                 0x08000209   Thumb Code     0  libinit2.o(.ARM.Collect$$libinit$$00000013)
    __rt_lib_init_lc_monetary_1              0x08000209   Thumb Code     0  libinit2.o(.ARM.Collect$$libinit$$00000015)
    __rt_lib_init_lc_numeric_1               0x08000209   Thumb Code     0  libinit2.o(.ARM.Collect$$libinit$$00000017)
    __rt_lib_init_lc_time_1                  0x08000209   Thumb Code     0  libinit2.o(.ARM.Collect$$libinit$$00000019)
    __rt_lib_init_preinit_1                  0x08000209   Thumb Code     0  libinit2.o(.ARM.Collect$$libinit$$00000004)
    __rt_lib_init_rand_1                     0x08000209   Thumb Code     0  libinit2.o(.ARM.Collect$$libinit$$0000000E)
    __rt_lib_init_return                     0x08000209   Thumb Code     0  libinit2.o(.ARM.Collect$$libinit$$00000033)
    __rt_lib_init_signal_1                   0x08000209   Thumb Code     0  libinit2.o(.ARM.Collect$$libinit$$0000001D)
    __rt_lib_init_stdio_1                    0x08000209   Thumb Code     0  libinit2.o(.ARM.Collect$$libinit$$00000025)
    __rt_lib_init_user_alloc_1               0x08000209   Thumb Code     0  libinit2.o(.ARM.Collect$$libinit$$0000000C)
    __rt_lib_shutdown                        0x0800020b   Thumb Code     0  libshutdown.o(.ARM.Collect$$libshutdown$$00000000)
    __rt_lib_shutdown_cpp_1                  0x0800020d   Thumb Code     0  libshutdown2.o(.ARM.Collect$$libshutdown$$00000002)
    __rt_lib_shutdown_fp_trap_1              0x0800020d   Thumb Code     0  libshutdown2.o(.ARM.Collect$$libshutdown$$00000007)
    __rt_lib_shutdown_heap_1                 0x0800020d   Thumb Code     0  libshutdown2.o(.ARM.Collect$$libshutdown$$0000000F)
    __rt_lib_shutdown_return                 0x0800020d   Thumb Code     0  libshutdown2.o(.ARM.Collect$$libshutdown$$00000010)
    __rt_lib_shutdown_signal_1               0x0800020d   Thumb Code     0  libshutdown2.o(.ARM.Collect$$libshutdown$$0000000A)
    __rt_lib_shutdown_stdio_1                0x0800020d   Thumb Code     0  libshutdown2.o(.ARM.Collect$$libshutdown$$00000004)
    __rt_lib_shutdown_user_alloc_1           0x0800020d   Thumb Code     0  libshutdown2.o(.ARM.Collect$$libshutdown$$0000000C)
    __rt_entry                               0x0800020f   Thumb Code     0  __rtentry.o(.ARM.Collect$$rtentry$$00000000)
    __rt_entry_presh_1                       0x0800020f   Thumb Code     0  __rtentry2.o(.ARM.Collect$$rtentry$$00000002)
    __rt_entry_sh                            0x0800020f   Thumb Code     0  __rtentry4.o(.ARM.Collect$$rtentry$$00000004)
    __rt_entry_li                            0x08000215   Thumb Code     0  __rtentry2.o(.ARM.Collect$$rtentry$$0000000A)
    __rt_entry_postsh_1                      0x08000215   Thumb Code     0  __rtentry2.o(.ARM.Collect$$rtentry$$00000009)
    __rt_entry_main                          0x08000219   Thumb Code     0  __rtentry2.o(.ARM.Collect$$rtentry$$0000000D)
    __rt_entry_postli_1                      0x08000219   Thumb Code     0  __rtentry2.o(.ARM.Collect$$rtentry$$0000000C)
    __rt_exit                                0x08000221   Thumb Code     0  rtexit.o(.ARM.Collect$$rtexit$$00000000)
    __rt_exit_ls                             0x08000223   Thumb Code     0  rtexit2.o(.ARM.Collect$$rtexit$$00000003)
    __rt_exit_prels_1                        0x08000223   Thumb Code     0  rtexit2.o(.ARM.Collect$$rtexit$$00000002)
    __rt_exit_exit                           0x08000227   Thumb Code     0  rtexit2.o(.ARM.Collect$$rtexit$$00000004)
    Reset_Handler                            0x0800022d   Thumb Code     8  startup_stm32f10x_hd.o(.text)
    ADC1_2_IRQHandler                        0x08000247   Thumb Code     0  startup_stm32f10x_hd.o(.text)
    ADC3_IRQHandler                          0x08000247   Thumb Code     0  startup_stm32f10x_hd.o(.text)
    CAN1_RX1_IRQHandler                      0x08000247   Thumb Code     0  startup_stm32f10x_hd.o(.text)
    CAN1_SCE_IRQHandler                      0x08000247   Thumb Code     0  startup_stm32f10x_hd.o(.text)
    DMA1_Channel1_IRQHandler                 0x08000247   Thumb Code     0  startup_stm32f10x_hd.o(.text)
    DMA1_Channel2_IRQHandler                 0x08000247   Thumb Code     0  startup_stm32f10x_hd.o(.text)
    DMA1_Channel3_IRQHandler                 0x08000247   Thumb Code     0  startup_stm32f10x_hd.o(.text)
    DMA1_Channel4_IRQHandler                 0x08000247   Thumb Code     0  startup_stm32f10x_hd.o(.text)
    DMA1_Channel5_IRQHandler                 0x08000247   Thumb Code     0  startup_stm32f10x_hd.o(.text)
    DMA1_Channel6_IRQHandler                 0x08000247   Thumb Code     0  startup_stm32f10x_hd.o(.text)
    DMA1_Channel7_IRQHandler                 0x08000247   Thumb Code     0  startup_stm32f10x_hd.o(.text)
    DMA2_Channel1_IRQHandler                 0x08000247   Thumb Code     0  startup_stm32f10x_hd.o(.text)
    DMA2_Channel2_IRQHandler                 0x08000247   Thumb Code     0  startup_stm32f10x_hd.o(.text)
    DMA2_Channel3_IRQHandler                 0x08000247   Thumb Code     0  startup_stm32f10x_hd.o(.text)
    DMA2_Channel4_5_IRQHandler               0x08000247   Thumb Code     0  startup_stm32f10x_hd.o(.text)
    EXTI15_10_IRQHandler                     0x08000247   Thumb Code     0  startup_stm32f10x_hd.o(.text)
    EXTI1_IRQHandler                         0x08000247   Thumb Code     0  startup_stm32f10x_hd.o(.text)
    EXTI2_IRQHandler                         0x08000247   Thumb Code     0  startup_stm32f10x_hd.o(.text)
    FLASH_IRQHandler                         0x08000247   Thumb Code     0  startup_stm32f10x_hd.o(.text)
    FSMC_IRQHandler                          0x08000247   Thumb Code     0  startup_stm32f10x_hd.o(.text)
    I2C1_ER_IRQHandler                       0x08000247   Thumb Code     0  startup_stm32f10x_hd.o(.text)
    I2C1_EV_IRQHandler                       0x08000247   Thumb Code     0  startup_stm32f10x_hd.o(.text)
    I2C2_ER_IRQHandler                       0x08000247   Thumb Code     0  startup_stm32f10x_hd.o(.text)
    I2C2_EV_IRQHandler                       0x08000247   Thumb Code     0  startup_stm32f10x_hd.o(.text)
    PVD_IRQHandler                           0x08000247   Thumb Code     0  startup_stm32f10x_hd.o(.text)
    RCC_IRQHandler                           0x08000247   Thumb Code     0  startup_stm32f10x_hd.o(.text)
    RTCAlarm_IRQHandler                      0x08000247   Thumb Code     0  startup_stm32f10x_hd.o(.text)
    RTC_IRQHandler                           0x08000247   Thumb Code     0  startup_stm32f10x_hd.o(.text)
    SPI1_IRQHandler                          0x08000247   Thumb Code     0  startup_stm32f10x_hd.o(.text)
    SPI2_IRQHandler                          0x08000247   Thumb Code     0  startup_stm32f10x_hd.o(.text)
    SPI3_IRQHandler                          0x08000247   Thumb Code     0  startup_stm32f10x_hd.o(.text)
    TAMPER_IRQHandler                        0x08000247   Thumb Code     0  startup_stm32f10x_hd.o(.text)
    TIM1_BRK_IRQHandler                      0x08000247   Thumb Code     0  startup_stm32f10x_hd.o(.text)
    TIM1_CC_IRQHandler                       0x08000247   Thumb Code     0  startup_stm32f10x_hd.o(.text)
    TIM1_TRG_COM_IRQHandler                  0x08000247   Thumb Code     0  startup_stm32f10x_hd.o(.text)
    TIM1_UP_IRQHandler                       0x08000247   Thumb Code     0  startup_stm32f10x_hd.o(.text)
    TIM2_IRQHandler                          0x08000247   Thumb Code     0  startup_stm32f10x_hd.o(.text)
    TIM3_IRQHandler                          0x08000247   Thumb Code     0  startup_stm32f10x_hd.o(.text)
    TIM5_IRQHandler                          0x08000247   Thumb Code     0  startup_stm32f10x_hd.o(.text)
    TIM8_BRK_IRQHandler                      0x08000247   Thumb Code     0  startup_stm32f10x_hd.o(.text)
    TIM8_CC_IRQHandler                       0x08000247   Thumb Code     0  startup_stm32f10x_hd.o(.text)
    TIM8_TRG_COM_IRQHandler                  0x08000247   Thumb Code     0  startup_stm32f10x_hd.o(.text)
    TIM8_UP_IRQHandler                       0x08000247   Thumb Code     0  startup_stm32f10x_hd.o(.text)
    UART4_IRQHandler                         0x08000247   Thumb Code     0  startup_stm32f10x_hd.o(.text)
    UART5_IRQHandler                         0x08000247   Thumb Code     0  startup_stm32f10x_hd.o(.text)
    USART3_IRQHandler                        0x08000247   Thumb Code     0  startup_stm32f10x_hd.o(.text)
    USBWakeUp_IRQHandler                     0x08000247   Thumb Code     0  startup_stm32f10x_hd.o(.text)
    USB_HP_CAN1_TX_IRQHandler                0x08000247   Thumb Code     0  startup_stm32f10x_hd.o(.text)
    USB_LP_CAN1_RX0_IRQHandler               0x08000247   Thumb Code     0  startup_stm32f10x_hd.o(.text)
    WWDG_IRQHandler                          0x08000247   Thumb Code     0  startup_stm32f10x_hd.o(.text)
    __user_initial_stackheap                 0x08000249   Thumb Code     0  startup_stm32f10x_hd.o(.text)
    __use_no_semihosting                     0x0800026d   Thumb Code     2  use_no_semi_2.o(.text)
    __2printf                                0x08000271   Thumb Code    20  __2printf.o(.text)
    __2sprintf                               0x08000289   Thumb Code    38  __2sprintf.o(.text)
    _printf_pre_padding                      0x080002b5   Thumb Code    44  _printf_pad.o(.text)
    _printf_post_padding                     0x080002e1   Thumb Code    34  _printf_pad.o(.text)
    _printf_str                              0x08000303   Thumb Code    82  _printf_str.o(.text)
    _printf_int_dec                          0x08000355   Thumb Code   104  _printf_dec.o(.text)
    _printf_longlong_hex                     0x080003cd   Thumb Code    86  _printf_hex_int_ll_ptr.o(.text)
    _printf_int_hex                          0x08000423   Thumb Code    28  _printf_hex_int_ll_ptr.o(.text)
    _printf_ll_hex                           0x0800043f   Thumb Code    12  _printf_hex_int_ll_ptr.o(.text)
    _printf_hex_ptr                          0x0800044b   Thumb Code    18  _printf_hex_int_ll_ptr.o(.text)
    __printf                                 0x08000461   Thumb Code   388  __printf_flags_ss_wp.o(.text)
    strstr                                   0x080005e9   Thumb Code    36  strstr.o(.text)
    __aeabi_memcpy                           0x0800060d   Thumb Code     0  rt_memcpy_v6.o(.text)
    __rt_memcpy                              0x0800060d   Thumb Code   138  rt_memcpy_v6.o(.text)
    _memcpy_lastbytes                        0x08000673   Thumb Code     0  rt_memcpy_v6.o(.text)
    __use_two_region_memory                  0x08000697   Thumb Code     2  heapauxi.o(.text)
    __rt_heap_escrow$2region                 0x08000699   Thumb Code     2  heapauxi.o(.text)
    __rt_heap_expand$2region                 0x0800069b   Thumb Code     2  heapauxi.o(.text)
    __I$use$semihosting                      0x0800069d   Thumb Code     0  use_no_semi.o(.text)
    __use_no_semihosting_swi                 0x0800069d   Thumb Code     2  use_no_semi.o(.text)
    _printf_int_common                       0x0800069f   Thumb Code   178  _printf_intcommon.o(.text)
    _printf_char_common                      0x0800075b   Thumb Code    32  _printf_char_common.o(.text)
    _sputc                                   0x08000781   Thumb Code    10  _sputc.o(.text)
    _printf_cs_common                        0x0800078b   Thumb Code    20  _printf_char.o(.text)
    _printf_char                             0x0800079f   Thumb Code    16  _printf_char.o(.text)
    _printf_string                           0x080007af   Thumb Code     8  _printf_char.o(.text)
    _printf_char_file                        0x080007b9   Thumb Code    32  _printf_char_file.o(.text)
    __aeabi_memcpy4                          0x080007dd   Thumb Code     0  rt_memcpy_w.o(.text)
    __aeabi_memcpy8                          0x080007dd   Thumb Code     0  rt_memcpy_w.o(.text)
    __rt_memcpy_w                            0x080007dd   Thumb Code   100  rt_memcpy_w.o(.text)
    _memcpy_lastbytes_aligned                0x08000825   Thumb Code     0  rt_memcpy_w.o(.text)
    ferror                                   0x08000841   Thumb Code     8  ferror.o(.text)
    __user_setup_stackheap                   0x08000849   Thumb Code    74  sys_stackheap_outer.o(.text)
    exit                                     0x08000893   Thumb Code    18  exit.o(.text)
    __user_libspace                          0x080008a5   Thumb Code     8  libspace.o(.text)
    __user_perproc_libspace                  0x080008a5   Thumb Code     0  libspace.o(.text)
    __user_perthread_libspace                0x080008a5   Thumb Code     0  libspace.o(.text)
    BEEP_Init                                0x080008ad   Thumb Code    50  beep.o(i.BEEP_Init)
    BusFault_Handler                         0x080008e5   Thumb Code     4  stm32f10x_it.o(i.BusFault_Handler)
    CmdError                                 0x080008e9   Thumb Code    48  sdio_sdcard.o(i.CmdError)
    CmdResp1Error                            0x08000919   Thumb Code    90  sdio_sdcard.o(i.CmdResp1Error)
    CmdResp2Error                            0x08000979   Thumb Code    80  sdio_sdcard.o(i.CmdResp2Error)
    CmdResp3Error                            0x080009cd   Thumb Code    50  sdio_sdcard.o(i.CmdResp3Error)
    CmdResp6Error                            0x08000a05   Thumb Code   140  sdio_sdcard.o(i.CmdResp6Error)
    CmdResp7Error                            0x08000a95   Thumb Code    70  sdio_sdcard.o(i.CmdResp7Error)
    DMA_Cmd                                  0x08000ae1   Thumb Code    24  stm32f10x_dma.o(i.DMA_Cmd)
    DMA_DeInit                               0x08000af9   Thumb Code   324  stm32f10x_dma.o(i.DMA_DeInit)
    DMA_Init                                 0x08000c45   Thumb Code    60  stm32f10x_dma.o(i.DMA_Init)
    DS18B20_Check                            0x08000c81   Thumb Code    92  ds18b20.o(i.DS18B20_Check)
    DS18B20_Get_Temp                         0x08000ce5   Thumb Code   136  ds18b20.o(i.DS18B20_Get_Temp)
    DS18B20_Init                             0x08000d71   Thumb Code    58  ds18b20.o(i.DS18B20_Init)
    DS18B20_Read_Bit                         0x08000db1   Thumb Code    96  ds18b20.o(i.DS18B20_Read_Bit)
    DS18B20_Read_Byte                        0x08000e1d   Thumb Code    34  ds18b20.o(i.DS18B20_Read_Byte)
    DS18B20_Rst                              0x08000e41   Thumb Code    54  ds18b20.o(i.DS18B20_Rst)
    DS18B20_Start                            0x08000e85   Thumb Code    24  ds18b20.o(i.DS18B20_Start)
    DS18B20_Write_Byte                       0x08000e9d   Thumb Code   102  ds18b20.o(i.DS18B20_Write_Byte)
    DebugMon_Handler                         0x08000f11   Thumb Code     2  stm32f10x_it.o(i.DebugMon_Handler)
    EXTI0_IRQHandler                         0x08000f15   Thumb Code    44  exti.o(i.EXTI0_IRQHandler)
    EXTI3_IRQHandler                         0x08000f49   Thumb Code    42  exti.o(i.EXTI3_IRQHandler)
    EXTI4_IRQHandler                         0x08000f7d   Thumb Code    42  exti.o(i.EXTI4_IRQHandler)
    EXTI8_Init                               0x08000fb1   Thumb Code    70  exti.o(i.EXTI8_Init)
    EXTI9_5_IRQHandler                       0x08000ff9   Thumb Code    54  exti.o(i.EXTI9_5_IRQHandler)
    EXTI_ClearITPendingBit                   0x08001041   Thumb Code     6  stm32f10x_exti.o(i.EXTI_ClearITPendingBit)
    EXTI_GetITStatus                         0x0800104d   Thumb Code    34  stm32f10x_exti.o(i.EXTI_GetITStatus)
    EXTI_Init                                0x08001075   Thumb Code   142  stm32f10x_exti.o(i.EXTI_Init)
    EnsureMessage                            0x08001109   Thumb Code   140  as608.o(i.EnsureMessage)
    FindSCR                                  0x08001379   Thumb Code   386  sdio_sdcard.o(i.FindSCR)
    GPIO_EXTILineConfig                      0x0800150d   Thumb Code    60  stm32f10x_gpio.o(i.GPIO_EXTILineConfig)
    GPIO_Init                                0x0800154d   Thumb Code   278  stm32f10x_gpio.o(i.GPIO_Init)
    GPIO_PinRemapConfig                      0x08001665   Thumb Code   138  stm32f10x_gpio.o(i.GPIO_PinRemapConfig)
    GPIO_ReadInputDataBit                    0x080016f5   Thumb Code    18  stm32f10x_gpio.o(i.GPIO_ReadInputDataBit)
    GPIO_ResetBits                           0x08001707   Thumb Code     4  stm32f10x_gpio.o(i.GPIO_ResetBits)
    GPIO_SetBits                             0x0800170b   Thumb Code     4  stm32f10x_gpio.o(i.GPIO_SetBits)
    HardFault_Handler                        0x0800170f   Thumb Code     4  stm32f10x_it.o(i.HardFault_Handler)
    INTX_DISABLE                             0x08001713   Thumb Code     4  sys.o(i.INTX_DISABLE)
    INTX_ENABLE                              0x08001717   Thumb Code     4  sys.o(i.INTX_ENABLE)
    IsCardProgramming                        0x0800171d   Thumb Code   142  sdio_sdcard.o(i.IsCardProgramming)
    KEY_Init                                 0x08001841   Thumb Code    52  key.o(i.KEY_Init)
    KEY_Scan                                 0x0800187d   Thumb Code   150  key.o(i.KEY_Scan)
    LED_Init                                 0x08001921   Thumb Code    68  led.o(i.LED_Init)
    MemManage_Handler                        0x08001989   Thumb Code     4  stm32f10x_it.o(i.MemManage_Handler)
    NMI_Handler                              0x0800198d   Thumb Code     2  stm32f10x_it.o(i.NMI_Handler)
    NVIC_Init                                0x08001991   Thumb Code   100  misc.o(i.NVIC_Init)
    NVIC_PriorityGroupConfig                 0x08001a01   Thumb Code    10  misc.o(i.NVIC_PriorityGroupConfig)
    OV7725_Init                              0x08001a15   Thumb Code   316  ov7725.o(i.OV7725_Init)
    OV7725_Window_Set                        0x08001b85   Thumb Code   362  ov7725.o(i.OV7725_Window_Set)
    PS_DeletChar                             0x08001cef   Thumb Code   108  as608.o(i.PS_DeletChar)
    PS_Empty                                 0x08001d5b   Thumb Code    58  as608.o(i.PS_Empty)
    PS_GenChar                               0x08001d95   Thumb Code    70  as608.o(i.PS_GenChar)
    PS_GetImage                              0x08001ddb   Thumb Code    58  as608.o(i.PS_GetImage)
    PS_HandShake                             0x08001e15   Thumb Code   118  as608.o(i.PS_HandShake)
    PS_HighSpeedSearch                       0x08001e95   Thumb Code   144  as608.o(i.PS_HighSpeedSearch)
    PS_Match                                 0x08001f25   Thumb Code    58  as608.o(i.PS_Match)
    PS_ReadSysPara                           0x08001f61   Thumb Code   168  as608.o(i.PS_ReadSysPara)
    PS_RegModel                              0x08002051   Thumb Code    58  as608.o(i.PS_RegModel)
    PS_SetAddr                               0x0800208d   Thumb Code   146  as608.o(i.PS_SetAddr)
    PS_StaGPIO_Init                          0x08002141   Thumb Code    38  as608.o(i.PS_StaGPIO_Init)
    PS_StoreChar                             0x0800216d   Thumb Code    96  as608.o(i.PS_StoreChar)
    PS_ValidTempleteNum                      0x080021cd   Thumb Code   108  as608.o(i.PS_ValidTempleteNum)
    PS_WriteReg                              0x08002255   Thumb Code   108  as608.o(i.PS_WriteReg)
    PendSV_Handler                           0x080022dd   Thumb Code     2  stm32f10x_it.o(i.PendSV_Handler)
    RCC_AHBPeriphClockCmd                    0x080022e1   Thumb Code    26  stm32f10x_rcc.o(i.RCC_AHBPeriphClockCmd)
    RCC_APB1PeriphClockCmd                   0x08002301   Thumb Code    26  stm32f10x_rcc.o(i.RCC_APB1PeriphClockCmd)
    RCC_APB1PeriphResetCmd                   0x08002321   Thumb Code    26  stm32f10x_rcc.o(i.RCC_APB1PeriphResetCmd)
    RCC_APB2PeriphClockCmd                   0x08002341   Thumb Code    26  stm32f10x_rcc.o(i.RCC_APB2PeriphClockCmd)
    RCC_APB2PeriphResetCmd                   0x08002361   Thumb Code    26  stm32f10x_rcc.o(i.RCC_APB2PeriphResetCmd)
    RCC_GetClocksFreq                        0x08002381   Thumb Code   192  stm32f10x_rcc.o(i.RCC_GetClocksFreq)
    SCCB_Init                                0x08002455   Thumb Code   102  sccb.o(i.SCCB_Init)
    SCCB_No_Ack                              0x080024c5   Thumb Code    54  sccb.o(i.SCCB_No_Ack)
    SCCB_RD_Byte                             0x0800250d   Thumb Code   104  sccb.o(i.SCCB_RD_Byte)
    SCCB_RD_Reg                              0x08002581   Thumb Code    78  sccb.o(i.SCCB_RD_Reg)
    SCCB_Start                               0x080025d1   Thumb Code    42  sccb.o(i.SCCB_Start)
    SCCB_Stop                                0x08002605   Thumb Code    42  sccb.o(i.SCCB_Stop)
    SCCB_WR_Byte                             0x08002639   Thumb Code   152  sccb.o(i.SCCB_WR_Byte)
    SCCB_WR_Reg                              0x080026e5   Thumb Code    62  sccb.o(i.SCCB_WR_Reg)
    SDEnWideBus                              0x08002725   Thumb Code   158  sdio_sdcard.o(i.SDEnWideBus)
    SDIO_ClearFlag                           0x080027d1   Thumb Code     6  stm32f10x_sdio.o(i.SDIO_ClearFlag)
    SDIO_ClockCmd                            0x080027dd   Thumb Code     6  stm32f10x_sdio.o(i.SDIO_ClockCmd)
    SDIO_Clock_Set                           0x080027e9   Thumb Code    16  sdio_sdcard.o(i.SDIO_Clock_Set)
    SDIO_DMACmd                              0x080027fd   Thumb Code     6  stm32f10x_sdio.o(i.SDIO_DMACmd)
    SDIO_DataConfig                          0x08002809   Thumb Code    42  stm32f10x_sdio.o(i.SDIO_DataConfig)
    SDIO_DeInit                              0x08002839   Thumb Code    28  stm32f10x_sdio.o(i.SDIO_DeInit)
    SDIO_GetFlagStatus                       0x0800285d   Thumb Code    20  stm32f10x_sdio.o(i.SDIO_GetFlagStatus)
    SDIO_GetPowerState                       0x08002875   Thumb Code    10  stm32f10x_sdio.o(i.SDIO_GetPowerState)
    SDIO_IRQHandler                          0x08002885   Thumb Code     8  sdio_sdcard.o(i.SDIO_IRQHandler)
    SDIO_Init                                0x0800288d   Thumb Code    42  stm32f10x_sdio.o(i.SDIO_Init)
    SDIO_ReadData                            0x080028bd   Thumb Code     6  stm32f10x_sdio.o(i.SDIO_ReadData)
    SDIO_SendCommand                         0x080028c9   Thumb Code    38  stm32f10x_sdio.o(i.SDIO_SendCommand)
    SDIO_SetPowerState                       0x080028f5   Thumb Code    22  stm32f10x_sdio.o(i.SDIO_SetPowerState)
    SDIO_WriteData                           0x08002911   Thumb Code     6  stm32f10x_sdio.o(i.SDIO_WriteData)
    SD_DMA_Config                            0x0800291d   Thumb Code    94  sdio_sdcard.o(i.SD_DMA_Config)
    SD_EnableWideBusOperation                0x08002985   Thumb Code    94  sdio_sdcard.o(i.SD_EnableWideBusOperation)
    SD_GetCardInfo                           0x080029ed   Thumb Code   772  sdio_sdcard.o(i.SD_GetCardInfo)
    SD_Init                                  0x08002d01   Thumb Code   238  sdio_sdcard.o(i.SD_Init)
    SD_InitializeCards                       0x08002e01   Thumb Code   316  sdio_sdcard.o(i.SD_InitializeCards)
    SD_PowerON                               0x08002f55   Thumb Code   450  sdio_sdcard.o(i.SD_PowerON)
    SD_ProcessIRQSrc                         0x08003131   Thumb Code   296  sdio_sdcard.o(i.SD_ProcessIRQSrc)
    SD_ReadBlock                             0x0800326d   Thumb Code   558  sdio_sdcard.o(i.SD_ReadBlock)
    SD_ReadDisk                              0x080034c5   Thumb Code   148  sdio_sdcard.o(i.SD_ReadDisk)
    SD_ReadMultiBlocks                       0x0800355d   Thumb Code   698  sdio_sdcard.o(i.SD_ReadMultiBlocks)
    SD_SelectDeselect                        0x08003845   Thumb Code    42  sdio_sdcard.o(i.SD_SelectDeselect)
    SD_SetDeviceMode                         0x08003875   Thumb Code    20  sdio_sdcard.o(i.SD_SetDeviceMode)
    SD_WriteBlock                            0x0800388d   Thumb Code   844  sdio_sdcard.o(i.SD_WriteBlock)
    SD_WriteDisk                             0x08003c01   Thumb Code   148  sdio_sdcard.o(i.SD_WriteDisk)
    SD_WriteMultiBlocks                      0x08003c99   Thumb Code   920  sdio_sdcard.o(i.SD_WriteMultiBlocks)
    SPI2_Init                                0x08004059   Thumb Code   140  spi.o(i.SPI2_Init)
    SPI2_ReadWriteByte                       0x080040ed   Thumb Code    78  spi.o(i.SPI2_ReadWriteByte)
    SPI2_SetSpeed                            0x08004141   Thumb Code    36  spi.o(i.SPI2_SetSpeed)
    SPI_Cmd                                  0x08004169   Thumb Code    24  stm32f10x_spi.o(i.SPI_Cmd)
    SPI_I2S_GetFlagStatus                    0x08004181   Thumb Code    18  stm32f10x_spi.o(i.SPI_I2S_GetFlagStatus)
    SPI_I2S_ReceiveData                      0x08004193   Thumb Code     6  stm32f10x_spi.o(i.SPI_I2S_ReceiveData)
    SPI_I2S_SendData                         0x08004199   Thumb Code     4  stm32f10x_spi.o(i.SPI_I2S_SendData)
    SPI_Init                                 0x0800419d   Thumb Code    60  stm32f10x_spi.o(i.SPI_Init)
    SVC_Handler                              0x080041d9   Thumb Code     2  stm32f10x_it.o(i.SVC_Handler)
    ShowErrMessage                           0x08004349   Thumb Code    18  main.o(i.ShowErrMessage)
    SysTick_CLKSourceConfig                  0x0800435b   Thumb Code    40  misc.o(i.SysTick_CLKSourceConfig)
    SysTick_Handler                          0x08004383   Thumb Code     2  stm32f10x_it.o(i.SysTick_Handler)
    SystemInit                               0x08004385   Thumb Code    78  system_stm32f10x.o(i.SystemInit)
    TIM4_IRQHandler                          0x080043e5   Thumb Code    46  usmart.o(i.TIM4_IRQHandler)
    TIM6_IRQHandler                          0x0800441d   Thumb Code    28  timer.o(i.TIM6_IRQHandler)
    TIM6_Int_Init                            0x08004441   Thumb Code    90  timer.o(i.TIM6_Int_Init)
    TIM7_IRQHandler                          0x080044a1   Thumb Code    42  timer.o(i.TIM7_IRQHandler)
    TIM7_Int_Init                            0x080044d5   Thumb Code    90  timer.o(i.TIM7_Int_Init)
    TIM_ClearFlag                            0x08004535   Thumb Code     6  stm32f10x_tim.o(i.TIM_ClearFlag)
    TIM_ClearITPendingBit                    0x0800453b   Thumb Code     6  stm32f10x_tim.o(i.TIM_ClearITPendingBit)
    TIM_Cmd                                  0x08004541   Thumb Code    24  stm32f10x_tim.o(i.TIM_Cmd)
    TIM_GetCounter                           0x08004559   Thumb Code     6  stm32f10x_tim.o(i.TIM_GetCounter)
    TIM_GetFlagStatus                        0x0800455f   Thumb Code    18  stm32f10x_tim.o(i.TIM_GetFlagStatus)
    TIM_GetITStatus                          0x08004571   Thumb Code    34  stm32f10x_tim.o(i.TIM_GetITStatus)
    TIM_ITConfig                             0x08004593   Thumb Code    18  stm32f10x_tim.o(i.TIM_ITConfig)
    TIM_SetAutoreload                        0x080045a5   Thumb Code     4  stm32f10x_tim.o(i.TIM_SetAutoreload)
    TIM_SetCounter                           0x080045a9   Thumb Code     4  stm32f10x_tim.o(i.TIM_SetCounter)
    TIM_TimeBaseInit                         0x080045ad   Thumb Code   122  stm32f10x_tim.o(i.TIM_TimeBaseInit)
    Timer4_Init                              0x08004651   Thumb Code    88  usmart.o(i.Timer4_Init)
    USART1_IRQHandler                        0x080046ad   Thumb Code   122  usart.o(i.USART1_IRQHandler)
    USART2_IRQHandler                        0x08004735   Thumb Code    94  usart2.o(i.USART2_IRQHandler)
    USART_Cmd                                0x080047a5   Thumb Code    24  stm32f10x_usart.o(i.USART_Cmd)
    USART_DeInit                             0x080047bd   Thumb Code   134  stm32f10x_usart.o(i.USART_DeInit)
    USART_GetITStatus                        0x08004859   Thumb Code    84  stm32f10x_usart.o(i.USART_GetITStatus)
    USART_ITConfig                           0x080048ad   Thumb Code    74  stm32f10x_usart.o(i.USART_ITConfig)
    USART_Init                               0x080048f9   Thumb Code   210  stm32f10x_usart.o(i.USART_Init)
    USART_ReceiveData                        0x080049d1   Thumb Code    10  stm32f10x_usart.o(i.USART_ReceiveData)
    UsageFault_Handler                       0x080049db   Thumb Code     4  stm32f10x_it.o(i.UsageFault_Handler)
    W25QXX_Erase_Sector                      0x080049e1   Thumb Code    70  w25qxx.o(i.W25QXX_Erase_Sector)
    W25QXX_Init                              0x08004a39   Thumb Code    74  w25qxx.o(i.W25QXX_Init)
    W25QXX_Read                              0x08004a91   Thumb Code    74  w25qxx.o(i.W25QXX_Read)
    W25QXX_ReadID                            0x08004ae1   Thumb Code    64  w25qxx.o(i.W25QXX_ReadID)
    W25QXX_ReadSR                            0x08004b29   Thumb Code    36  w25qxx.o(i.W25QXX_ReadSR)
    W25QXX_Wait_Busy                         0x08004b55   Thumb Code    18  w25qxx.o(i.W25QXX_Wait_Busy)
    W25QXX_Write                             0x08004b69   Thumb Code   180  w25qxx.o(i.W25QXX_Write)
    W25QXX_Write_Enable                      0x08004c21   Thumb Code    24  w25qxx.o(i.W25QXX_Write_Enable)
    W25QXX_Write_NoCheck                     0x08004c41   Thumb Code    70  w25qxx.o(i.W25QXX_Write_NoCheck)
    W25QXX_Write_Page                        0x08004c89   Thumb Code    80  w25qxx.o(i.W25QXX_Write_Page)
    _is_digit                                0x08004cdd   Thumb Code    14  __printf_wp.o(i._is_digit)
    _sys_exit                                0x08004ceb   Thumb Code     4  usart.o(i._sys_exit)
    convert_from_bytes_to_power_of_two       0x08004d81   Thumb Code    18  sdio_sdcard.o(i.convert_from_bytes_to_power_of_two)
    delay_init                               0x08004d95   Thumb Code    50  delay.o(i.delay_init)
    delay_ms                                 0x08004dd9   Thumb Code    72  delay.o(i.delay_ms)
    delay_us                                 0x08004e25   Thumb Code    72  delay.o(i.delay_us)
    disk_initialize                          0x08004e71   Thumb Code    52  diskio.o(i.disk_initialize)
    disk_read                                0x08004ea9   Thumb Code   122  diskio.o(i.disk_read)
    disk_status                              0x08004f23   Thumb Code     6  diskio.o(i.disk_status)
    disk_write                               0x08004f29   Thumb Code   122  diskio.o(i.disk_write)
    exfuns_init                              0x08004fa5   Thumb Code   114  exfuns.o(i.exfuns_init)
    f_mount                                  0x08005029   Thumb Code    86  ff.o(i.f_mount)
    face_recognition                         0x08005085   Thumb Code    22  main.o(i.face_recognition)
    fingerprint_add                          0x08005445   Thumb Code   392  main.o(i.fingerprint_add)
    fingerprint_delete                       0x080056c1   Thumb Code   144  main.o(i.fingerprint_delete)
    fingerprint_recognition                  0x08005789   Thumb Code    28  main.o(i.fingerprint_recognition)
    fputc                                    0x080057a9   Thumb Code    24  usart.o(i.fputc)
    get_temperature                          0x0800580f   Thumb Code    12  main.o(i.get_temperature)
    is_safe                                  0x0800581b   Thumb Code    22  main.o(i.is_safe)
    main                                     0x08005831   Thumb Code   456  main.o(i.main)
    my_mem_free                              0x08005b01   Thumb Code    96  malloc.o(i.my_mem_free)
    my_mem_init                              0x08005b6d   Thumb Code    54  malloc.o(i.my_mem_init)
    my_mem_malloc                            0x08005bb1   Thumb Code   156  malloc.o(i.my_mem_malloc)
    my_mem_perused                           0x08005c59   Thumb Code    54  malloc.o(i.my_mem_perused)
    myfree                                   0x08005c99   Thumb Code    30  malloc.o(i.myfree)
    mymalloc                                 0x08005cbd   Thumb Code    34  malloc.o(i.mymalloc)
    mymemset                                 0x08005ce5   Thumb Code    20  malloc.o(i.mymemset)
    press_FR                                 0x08005cf9   Thumb Code   132  main.o(i.press_FR)
    read_addr                                0x08005db1   Thumb Code     6  usmart.o(i.read_addr)
    uart_init                                0x08005e09   Thumb Code   152  usart.o(i.uart_init)
    upload_pic                               0x08005ea9   Thumb Code   120  main.o(i.upload_pic)
    usart2_init                              0x08005f39   Thumb Code   186  usart2.o(i.usart2_init)
    usmart_cmd_rec                           0x08006009   Thumb Code   170  usmart.o(i.usmart_cmd_rec)
    usmart_exe                               0x080060b9   Thumb Code   632  usmart.o(i.usmart_exe)
    usmart_get_aparm                         0x0800638d   Thumb Code   200  usmart_str.o(i.usmart_get_aparm)
    usmart_get_cmdname                       0x08006455   Thumb Code    54  usmart_str.o(i.usmart_get_cmdname)
    usmart_get_fname                         0x0800648d   Thumb Code   440  usmart_str.o(i.usmart_get_fname)
    usmart_get_fparam                        0x0800664d   Thumb Code   262  usmart_str.o(i.usmart_get_fparam)
    usmart_get_parmpos                       0x08006759   Thumb Code    26  usmart_str.o(i.usmart_get_parmpos)
    usmart_get_runtime                       0x08006779   Thumb Code    60  usmart.o(i.usmart_get_runtime)
    usmart_init                              0x080067bd   Thumb Code    36  usmart.o(i.usmart_init)
    usmart_pow                               0x080067e5   Thumb Code    22  usmart_str.o(i.usmart_pow)
    usmart_reset_runtime                     0x080067fd   Thumb Code    38  usmart.o(i.usmart_reset_runtime)
    usmart_scan                              0x0800682d   Thumb Code   120  usmart.o(i.usmart_scan)
    usmart_search_nextc                      0x080068e9   Thumb Code    22  usmart_str.o(i.usmart_search_nextc)
    usmart_str2num                           0x080068ff   Thumb Code   202  usmart_str.o(i.usmart_str2num)
    usmart_strcmp                            0x080069c9   Thumb Code    34  usmart_str.o(i.usmart_strcmp)
    usmart_strcopy                           0x080069eb   Thumb Code    22  usmart_str.o(i.usmart_strcopy)
    usmart_strlen                            0x08006a01   Thumb Code    24  usmart_str.o(i.usmart_strlen)
    usmart_sys_cmd_exe                       0x08006a19   Thumb Code  1554  usmart.o(i.usmart_sys_cmd_exe)
    wait_ack                                 0x080070fd   Thumb Code    68  main.o(i.wait_ack)
    write_addr                               0x0800716d   Thumb Code     4  usmart.o(i.write_addr)
    __aeabi_d2iz                             0x08007171   Thumb Code     0  dfix.o(x$fpl$dfix)
    _dfix                                    0x08007171   Thumb Code    94  dfix.o(x$fpl$dfix)
    __aeabi_dmul                             0x080071d1   Thumb Code     0  dmul.o(x$fpl$dmul)
    _dmul                                    0x080071d1   Thumb Code   332  dmul.o(x$fpl$dmul)
    __fpl_dnaninf                            0x08007325   Thumb Code   156  dnaninf.o(x$fpl$dnaninf)
    __fpl_dretinf                            0x080073c1   Thumb Code    12  dretinf.o(x$fpl$dretinf)
    __aeabi_f2d                              0x080073cd   Thumb Code     0  f2d.o(x$fpl$f2d)
    _f2d                                     0x080073cd   Thumb Code    86  f2d.o(x$fpl$f2d)
    __aeabi_i2f                              0x08007425   Thumb Code     0  fflt_clz.o(x$fpl$fflt)
    _fflt                                    0x08007425   Thumb Code    48  fflt_clz.o(x$fpl$fflt)
    __fpl_fnaninf                            0x08007455   Thumb Code   140  fnaninf.o(x$fpl$fnaninf)
    __I$use$fp                               0x080074e0   Number         0  usenofp.o(x$fpl$usenofp)
    ov7725_init_reg_tb1                      0x080074e0   Data         130  ov7725.o(.constdata)
    memtblsize                               0x08007564   Data           8  malloc.o(.constdata)
    memblksize                               0x0800756c   Data           8  malloc.o(.constdata)
    memsize                                  0x08007574   Data           8  malloc.o(.constdata)
    Region$$Table$$Base                      0x08007754   Number         0  anon$$obj.o(Region$$Table)
    Region$$Table$$Limit                     0x08007774   Number         0  anon$$obj.o(Region$$Table)
    ValidN                                   0x20000000   Data           2  main.o(.data)
    SystemCoreClock                          0x20000004   Data           4  system_stm32f10x.o(.data)
    AHBPrescTable                            0x20000008   Data          16  system_stm32f10x.o(.data)
    __stdout                                 0x20000030   Data           4  usart.o(.data)
    USART_RX_STA                             0x20000034   Data           2  usart.o(.data)
    TransferError                            0x20000042   Data           1  sdio_sdcard.o(.data)
    TransferEnd                              0x20000043   Data           1  sdio_sdcard.o(.data)
    tempbuff                                 0x20000044   Data           4  sdio_sdcard.o(.data)
    W25QXX_TYPE                              0x20000048   Data           2  w25qxx.o(.data)
    AS608Addr                                0x2000004c   Data           4  as608.o(.data)
    USART2_RX_STA                            0x20000050   Data           2  usart2.o(.data)
    ov_frame                                 0x20000052   Data           1  timer.o(.data)
    ov_sta                                   0x20000053   Data           1  exti.o(.data)
    mallco_dev                               0x20000054   Data          28  malloc.o(.data)
    FLASH_SECTOR_COUNT                       0x20000070   Data           2  diskio.o(.data)
    fs                                       0x20000080   Data           8  exfuns.o(.data)
    file                                     0x20000088   Data           4  exfuns.o(.data)
    ftemp                                    0x2000008c   Data           4  exfuns.o(.data)
    br                                       0x20000090   Data           4  exfuns.o(.data)
    bw                                       0x20000094   Data           4  exfuns.o(.data)
    fatbuf                                   0x20000098   Data           4  exfuns.o(.data)
    sys_cmd_tab                              0x2000009c   Data          28  usmart.o(.data)
    usmart_nametab                           0x200000b8   Data          48  usmart_config.o(.data)
    usmart_dev                               0x200000e8   Data         244  usmart_config.o(.data)
    AS608Para                                0x200001dc   Data          12  main.o(.bss)
    USART_RX_BUF                             0x200001e8   Data         200  usart.o(.bss)
    SDIO_InitStructure                       0x200002b0   Data          24  sdio_sdcard.o(.bss)
    SDIO_CmdInitStructure                    0x200002c8   Data          20  sdio_sdcard.o(.bss)
    SDIO_DataInitStructure                   0x200002dc   Data          24  sdio_sdcard.o(.bss)
    SDCardInfo                               0x20000318   Data          88  sdio_sdcard.o(.bss)
    SDIO_DATA_BUFFER                         0x20000370   Data         512  sdio_sdcard.o(.bss)
    W25QXX_BUFFER                            0x20000570   Data        4096  w25qxx.o(.bss)
    USART2_RX_BUF                            0x20001570   Data         400  usart2.o(.bss)
    USART2_TX_BUF                            0x20001700   Data         400  usart2.o(.bss)
    mem1base                                 0x200018a0   Data       40960  malloc.o(.bss)
    mem1mapbase                              0x2000b8a0   Data        2560  malloc.o(.bss)
    __libspace_start                         0x2000c2a0   Data          96  libspace.o(.bss)
    __temporary_stack_top$libspace           0x2000c300   Data           0  libspace.o(.bss)
    mem2base                                 0x68000000   Data          32  malloc.o(.ARM.__AT_0x68000000)
    mem2mapbase                              0x68000020   Data           2  malloc.o(.ARM.__AT_0x68000020)



==============================================================================

Memory Map of the image

  Image Entry point : 0x08000131

  Load Region LR_IROM1 (Base: 0x08000000, Size: 0x00007950, Max: 0x00080000, ABSOLUTE, COMPRESSED[0x00007808])

    Execution Region ER_IROM1 (Base: 0x08000000, Size: 0x00007774, Max: 0x00080000, ABSOLUTE)

    Base Addr    Size         Type   Attr      Idx    E Section Name        Object

    0x08000000   0x00000130   Data   RO         3376    RESET               startup_stm32f10x_hd.o
    0x08000130   0x00000008   Code   RO         5765  * !!!main             c_w.l(__main.o)
    0x08000138   0x00000034   Code   RO         6094    !!!scatter          c_w.l(__scatter.o)
    0x0800016c   0x0000005a   Code   RO         6092    !!dczerorl2         c_w.l(__dczerorl2.o)
    0x080001c6   0x00000002   PAD
    0x080001c8   0x0000001c   Code   RO         6096    !!handler_zi        c_w.l(__scatter_zi.o)
    0x080001e4   0x00000000   Code   RO         5752    .ARM.Collect$$_printf_percent$$00000000  c_w.l(_printf_percent.o)
    0x080001e4   0x00000006   Code   RO         5750    .ARM.Collect$$_printf_percent$$00000009  c_w.l(_printf_d.o)
    0x080001ea   0x00000006   Code   RO         5751    .ARM.Collect$$_printf_percent$$0000000A  c_w.l(_printf_u.o)
    0x080001f0   0x00000006   Code   RO         5749    .ARM.Collect$$_printf_percent$$0000000C  c_w.l(_printf_x.o)
    0x080001f6   0x00000006   Code   RO         5747    .ARM.Collect$$_printf_percent$$00000013  c_w.l(_printf_c.o)
    0x080001fc   0x00000006   Code   RO         5748    .ARM.Collect$$_printf_percent$$00000014  c_w.l(_printf_s.o)
    0x08000202   0x00000004   Code   RO         5849    .ARM.Collect$$_printf_percent$$00000017  c_w.l(_printf_percent_end.o)
    0x08000206   0x00000002   Code   RO         5955    .ARM.Collect$$libinit$$00000000  c_w.l(libinit.o)
    0x08000208   0x00000000   Code   RO         5973    .ARM.Collect$$libinit$$00000002  c_w.l(libinit2.o)
    0x08000208   0x00000000   Code   RO         5975    .ARM.Collect$$libinit$$00000004  c_w.l(libinit2.o)
    0x08000208   0x00000000   Code   RO         5978    .ARM.Collect$$libinit$$0000000A  c_w.l(libinit2.o)
    0x08000208   0x00000000   Code   RO         5980    .ARM.Collect$$libinit$$0000000C  c_w.l(libinit2.o)
    0x08000208   0x00000000   Code   RO         5982    .ARM.Collect$$libinit$$0000000E  c_w.l(libinit2.o)
    0x08000208   0x00000000   Code   RO         5985    .ARM.Collect$$libinit$$00000011  c_w.l(libinit2.o)
    0x08000208   0x00000000   Code   RO         5987    .ARM.Collect$$libinit$$00000013  c_w.l(libinit2.o)
    0x08000208   0x00000000   Code   RO         5989    .ARM.Collect$$libinit$$00000015  c_w.l(libinit2.o)
    0x08000208   0x00000000   Code   RO         5991    .ARM.Collect$$libinit$$00000017  c_w.l(libinit2.o)
    0x08000208   0x00000000   Code   RO         5993    .ARM.Collect$$libinit$$00000019  c_w.l(libinit2.o)
    0x08000208   0x00000000   Code   RO         5995    .ARM.Collect$$libinit$$0000001B  c_w.l(libinit2.o)
    0x08000208   0x00000000   Code   RO         5997    .ARM.Collect$$libinit$$0000001D  c_w.l(libinit2.o)
    0x08000208   0x00000000   Code   RO         5999    .ARM.Collect$$libinit$$0000001F  c_w.l(libinit2.o)
    0x08000208   0x00000000   Code   RO         6001    .ARM.Collect$$libinit$$00000021  c_w.l(libinit2.o)
    0x08000208   0x00000000   Code   RO         6003    .ARM.Collect$$libinit$$00000023  c_w.l(libinit2.o)
    0x08000208   0x00000000   Code   RO         6005    .ARM.Collect$$libinit$$00000025  c_w.l(libinit2.o)
    0x08000208   0x00000000   Code   RO         6009    .ARM.Collect$$libinit$$0000002C  c_w.l(libinit2.o)
    0x08000208   0x00000000   Code   RO         6011    .ARM.Collect$$libinit$$0000002E  c_w.l(libinit2.o)
    0x08000208   0x00000000   Code   RO         6013    .ARM.Collect$$libinit$$00000030  c_w.l(libinit2.o)
    0x08000208   0x00000000   Code   RO         6015    .ARM.Collect$$libinit$$00000032  c_w.l(libinit2.o)
    0x08000208   0x00000002   Code   RO         6016    .ARM.Collect$$libinit$$00000033  c_w.l(libinit2.o)
    0x0800020a   0x00000002   Code   RO         6044    .ARM.Collect$$libshutdown$$00000000  c_w.l(libshutdown.o)
    0x0800020c   0x00000000   Code   RO         6058    .ARM.Collect$$libshutdown$$00000002  c_w.l(libshutdown2.o)
    0x0800020c   0x00000000   Code   RO         6060    .ARM.Collect$$libshutdown$$00000004  c_w.l(libshutdown2.o)
    0x0800020c   0x00000000   Code   RO         6063    .ARM.Collect$$libshutdown$$00000007  c_w.l(libshutdown2.o)
    0x0800020c   0x00000000   Code   RO         6066    .ARM.Collect$$libshutdown$$0000000A  c_w.l(libshutdown2.o)
    0x0800020c   0x00000000   Code   RO         6068    .ARM.Collect$$libshutdown$$0000000C  c_w.l(libshutdown2.o)
    0x0800020c   0x00000000   Code   RO         6071    .ARM.Collect$$libshutdown$$0000000F  c_w.l(libshutdown2.o)
    0x0800020c   0x00000002   Code   RO         6072    .ARM.Collect$$libshutdown$$00000010  c_w.l(libshutdown2.o)
    0x0800020e   0x00000000   Code   RO         5813    .ARM.Collect$$rtentry$$00000000  c_w.l(__rtentry.o)
    0x0800020e   0x00000000   Code   RO         5875    .ARM.Collect$$rtentry$$00000002  c_w.l(__rtentry2.o)
    0x0800020e   0x00000006   Code   RO         5887    .ARM.Collect$$rtentry$$00000004  c_w.l(__rtentry4.o)
    0x08000214   0x00000000   Code   RO         5877    .ARM.Collect$$rtentry$$00000009  c_w.l(__rtentry2.o)
    0x08000214   0x00000004   Code   RO         5878    .ARM.Collect$$rtentry$$0000000A  c_w.l(__rtentry2.o)
    0x08000218   0x00000000   Code   RO         5880    .ARM.Collect$$rtentry$$0000000C  c_w.l(__rtentry2.o)
    0x08000218   0x00000008   Code   RO         5881    .ARM.Collect$$rtentry$$0000000D  c_w.l(__rtentry2.o)
    0x08000220   0x00000002   Code   RO         5963    .ARM.Collect$$rtexit$$00000000  c_w.l(rtexit.o)
    0x08000222   0x00000000   Code   RO         6018    .ARM.Collect$$rtexit$$00000002  c_w.l(rtexit2.o)
    0x08000222   0x00000004   Code   RO         6019    .ARM.Collect$$rtexit$$00000003  c_w.l(rtexit2.o)
    0x08000226   0x00000006   Code   RO         6020    .ARM.Collect$$rtexit$$00000004  c_w.l(rtexit2.o)
    0x0800022c   0x00000040   Code   RO         3377    .text               startup_stm32f10x_hd.o
    0x0800026c   0x00000002   Code   RO         5684    .text               c_w.l(use_no_semi_2.o)
    0x0800026e   0x00000002   PAD
    0x08000270   0x00000018   Code   RO         5690    .text               c_w.l(__2printf.o)
    0x08000288   0x0000002c   Code   RO         5692    .text               c_w.l(__2sprintf.o)
    0x080002b4   0x0000004e   Code   RO         5700    .text               c_w.l(_printf_pad.o)
    0x08000302   0x00000052   Code   RO         5702    .text               c_w.l(_printf_str.o)
    0x08000354   0x00000078   Code   RO         5704    .text               c_w.l(_printf_dec.o)
    0x080003cc   0x00000094   Code   RO         5724    .text               c_w.l(_printf_hex_int_ll_ptr.o)
    0x08000460   0x00000188   Code   RO         5744    .text               c_w.l(__printf_flags_ss_wp.o)
    0x080005e8   0x00000024   Code   RO         5753    .text               c_w.l(strstr.o)
    0x0800060c   0x0000008a   Code   RO         5759    .text               c_w.l(rt_memcpy_v6.o)
    0x08000696   0x00000006   Code   RO         5763    .text               c_w.l(heapauxi.o)
    0x0800069c   0x00000002   Code   RO         5811    .text               c_w.l(use_no_semi.o)
    0x0800069e   0x000000b2   Code   RO         5818    .text               c_w.l(_printf_intcommon.o)
    0x08000750   0x00000030   Code   RO         5822    .text               c_w.l(_printf_char_common.o)
    0x08000780   0x0000000a   Code   RO         5824    .text               c_w.l(_sputc.o)
    0x0800078a   0x0000002c   Code   RO         5826    .text               c_w.l(_printf_char.o)
    0x080007b6   0x00000002   PAD
    0x080007b8   0x00000024   Code   RO         5828    .text               c_w.l(_printf_char_file.o)
    0x080007dc   0x00000064   Code   RO         5859    .text               c_w.l(rt_memcpy_w.o)
    0x08000840   0x00000008   Code   RO         5901    .text               c_w.l(ferror.o)
    0x08000848   0x0000004a   Code   RO         5907    .text               c_w.l(sys_stackheap_outer.o)
    0x08000892   0x00000012   Code   RO         5948    .text               c_w.l(exit.o)
    0x080008a4   0x00000008   Code   RO         5960    .text               c_w.l(libspace.o)
    0x080008ac   0x00000038   Code   RO         3488    i.BEEP_Init         beep.o
    0x080008e4   0x00000004   Code   RO          273    i.BusFault_Handler  stm32f10x_it.o
    0x080008e8   0x00000030   Code   RO         3519    i.CmdError          sdio_sdcard.o
    0x08000918   0x00000060   Code   RO         3520    i.CmdResp1Error     sdio_sdcard.o
    0x08000978   0x00000054   Code   RO         3521    i.CmdResp2Error     sdio_sdcard.o
    0x080009cc   0x00000038   Code   RO         3522    i.CmdResp3Error     sdio_sdcard.o
    0x08000a04   0x00000090   Code   RO         3523    i.CmdResp6Error     sdio_sdcard.o
    0x08000a94   0x0000004c   Code   RO         3524    i.CmdResp7Error     sdio_sdcard.o
    0x08000ae0   0x00000018   Code   RO         1123    i.DMA_Cmd           stm32f10x_dma.o
    0x08000af8   0x0000014c   Code   RO         1124    i.DMA_DeInit        stm32f10x_dma.o
    0x08000c44   0x0000003c   Code   RO         1129    i.DMA_Init          stm32f10x_dma.o
    0x08000c80   0x00000064   Code   RO         4399    i.DS18B20_Check     ds18b20.o
    0x08000ce4   0x0000008c   Code   RO         4400    i.DS18B20_Get_Temp  ds18b20.o
    0x08000d70   0x00000040   Code   RO         4401    i.DS18B20_Init      ds18b20.o
    0x08000db0   0x0000006c   Code   RO         4402    i.DS18B20_Read_Bit  ds18b20.o
    0x08000e1c   0x00000022   Code   RO         4403    i.DS18B20_Read_Byte  ds18b20.o
    0x08000e3e   0x00000002   PAD
    0x08000e40   0x00000044   Code   RO         4404    i.DS18B20_Rst       ds18b20.o
    0x08000e84   0x00000018   Code   RO         4405    i.DS18B20_Start     ds18b20.o
    0x08000e9c   0x00000074   Code   RO         4406    i.DS18B20_Write_Byte  ds18b20.o
    0x08000f10   0x00000002   Code   RO          274    i.DebugMon_Handler  stm32f10x_it.o
    0x08000f12   0x00000002   PAD
    0x08000f14   0x00000034   Code   RO         4453    i.EXTI0_IRQHandler  exti.o
    0x08000f48   0x00000034   Code   RO         4454    i.EXTI3_IRQHandler  exti.o
    0x08000f7c   0x00000034   Code   RO         4455    i.EXTI4_IRQHandler  exti.o
    0x08000fb0   0x00000046   Code   RO         4456    i.EXTI8_Init        exti.o
    0x08000ff6   0x00000002   PAD
    0x08000ff8   0x00000048   Code   RO         4457    i.EXTI9_5_IRQHandler  exti.o
    0x08001040   0x0000000c   Code   RO         1194    i.EXTI_ClearITPendingBit  stm32f10x_exti.o
    0x0800104c   0x00000028   Code   RO         1198    i.EXTI_GetITStatus  stm32f10x_exti.o
    0x08001074   0x00000094   Code   RO         1199    i.EXTI_Init         stm32f10x_exti.o
    0x08001108   0x00000270   Code   RO         3849    i.EnsureMessage     as608.o
    0x08001378   0x00000194   Code   RO         3525    i.FindSCR           sdio_sdcard.o
    0x0800150c   0x00000040   Code   RO         1544    i.GPIO_EXTILineConfig  stm32f10x_gpio.o
    0x0800154c   0x00000116   Code   RO         1547    i.GPIO_Init         stm32f10x_gpio.o
    0x08001662   0x00000002   PAD
    0x08001664   0x00000090   Code   RO         1549    i.GPIO_PinRemapConfig  stm32f10x_gpio.o
    0x080016f4   0x00000012   Code   RO         1551    i.GPIO_ReadInputDataBit  stm32f10x_gpio.o
    0x08001706   0x00000004   Code   RO         1554    i.GPIO_ResetBits    stm32f10x_gpio.o
    0x0800170a   0x00000004   Code   RO         1555    i.GPIO_SetBits      stm32f10x_gpio.o
    0x0800170e   0x00000004   Code   RO          275    i.HardFault_Handler  stm32f10x_it.o
    0x08001712   0x00000004   Code   RO         3408    i.INTX_DISABLE      sys.o
    0x08001716   0x00000004   Code   RO         3409    i.INTX_ENABLE       sys.o
    0x0800171a   0x00000002   PAD
    0x0800171c   0x0000009c   Code   RO         3526    i.IsCardProgramming  sdio_sdcard.o
    0x080017b8   0x00000088   Code   RO         3850    i.JudgeStr          as608.o
    0x08001840   0x0000003c   Code   RO         3500    i.KEY_Init          key.o
    0x0800187c   0x000000a4   Code   RO         3501    i.KEY_Scan          key.o
    0x08001920   0x0000004c   Code   RO         3476    i.LED_Init          led.o
    0x0800196c   0x0000001c   Code   RO         3851    i.MYUSART_SendData  as608.o
    0x08001988   0x00000004   Code   RO          276    i.MemManage_Handler  stm32f10x_it.o
    0x0800198c   0x00000002   Code   RO          277    i.NMI_Handler       stm32f10x_it.o
    0x0800198e   0x00000002   PAD
    0x08001990   0x00000070   Code   RO          396    i.NVIC_Init         misc.o
    0x08001a00   0x00000014   Code   RO          397    i.NVIC_PriorityGroupConfig  misc.o
    0x08001a14   0x00000170   Code   RO         4084    i.OV7725_Init       ov7725.o
    0x08001b84   0x0000016a   Code   RO         4087    i.OV7725_Window_Set  ov7725.o
    0x08001cee   0x0000006c   Code   RO         3852    i.PS_DeletChar      as608.o
    0x08001d5a   0x0000003a   Code   RO         3853    i.PS_Empty          as608.o
    0x08001d94   0x00000046   Code   RO         3854    i.PS_GenChar        as608.o
    0x08001dda   0x0000003a   Code   RO         3855    i.PS_GetImage       as608.o
    0x08001e14   0x00000080   Code   RO         3856    i.PS_HandShake      as608.o
    0x08001e94   0x00000090   Code   RO         3857    i.PS_HighSpeedSearch  as608.o
    0x08001f24   0x0000003a   Code   RO         3858    i.PS_Match          as608.o
    0x08001f5e   0x00000002   PAD
    0x08001f60   0x000000f0   Code   RO         3860    i.PS_ReadSysPara    as608.o
    0x08002050   0x0000003a   Code   RO         3861    i.PS_RegModel       as608.o
    0x0800208a   0x00000002   PAD
    0x0800208c   0x000000b4   Code   RO         3863    i.PS_SetAddr        as608.o
    0x08002140   0x0000002c   Code   RO         3864    i.PS_StaGPIO_Init   as608.o
    0x0800216c   0x00000060   Code   RO         3865    i.PS_StoreChar      as608.o
    0x080021cc   0x00000088   Code   RO         3866    i.PS_ValidTempleteNum  as608.o
    0x08002254   0x00000088   Code   RO         3868    i.PS_WriteReg       as608.o
    0x080022dc   0x00000002   Code   RO          278    i.PendSV_Handler    stm32f10x_it.o
    0x080022de   0x00000002   PAD
    0x080022e0   0x00000020   Code   RO         1962    i.RCC_AHBPeriphClockCmd  stm32f10x_rcc.o
    0x08002300   0x00000020   Code   RO         1963    i.RCC_APB1PeriphClockCmd  stm32f10x_rcc.o
    0x08002320   0x00000020   Code   RO         1964    i.RCC_APB1PeriphResetCmd  stm32f10x_rcc.o
    0x08002340   0x00000020   Code   RO         1965    i.RCC_APB2PeriphClockCmd  stm32f10x_rcc.o
    0x08002360   0x00000020   Code   RO         1966    i.RCC_APB2PeriphResetCmd  stm32f10x_rcc.o
    0x08002380   0x000000d4   Code   RO         1973    i.RCC_GetClocksFreq  stm32f10x_rcc.o
    0x08002454   0x00000070   Code   RO         4135    i.SCCB_Init         sccb.o
    0x080024c4   0x00000048   Code   RO         4136    i.SCCB_No_Ack       sccb.o
    0x0800250c   0x00000074   Code   RO         4137    i.SCCB_RD_Byte      sccb.o
    0x08002580   0x0000004e   Code   RO         4138    i.SCCB_RD_Reg       sccb.o
    0x080025ce   0x00000002   PAD
    0x080025d0   0x00000034   Code   RO         4139    i.SCCB_Start        sccb.o
    0x08002604   0x00000034   Code   RO         4140    i.SCCB_Stop         sccb.o
    0x08002638   0x000000ac   Code   RO         4141    i.SCCB_WR_Byte      sccb.o
    0x080026e4   0x0000003e   Code   RO         4142    i.SCCB_WR_Reg       sccb.o
    0x08002722   0x00000002   PAD
    0x08002724   0x000000ac   Code   RO         3527    i.SDEnWideBus       sdio_sdcard.o
    0x080027d0   0x0000000c   Code   RO         2252    i.SDIO_ClearFlag    stm32f10x_sdio.o
    0x080027dc   0x0000000c   Code   RO         2254    i.SDIO_ClockCmd     stm32f10x_sdio.o
    0x080027e8   0x00000014   Code   RO         3528    i.SDIO_Clock_Set    sdio_sdcard.o
    0x080027fc   0x0000000c   Code   RO         2257    i.SDIO_DMACmd       stm32f10x_sdio.o
    0x08002808   0x00000030   Code   RO         2258    i.SDIO_DataConfig   stm32f10x_sdio.o
    0x08002838   0x00000024   Code   RO         2260    i.SDIO_DeInit       stm32f10x_sdio.o
    0x0800285c   0x00000018   Code   RO         2264    i.SDIO_GetFlagStatus  stm32f10x_sdio.o
    0x08002874   0x00000010   Code   RO         2266    i.SDIO_GetPowerState  stm32f10x_sdio.o
    0x08002884   0x00000008   Code   RO         3529    i.SDIO_IRQHandler   sdio_sdcard.o
    0x0800288c   0x00000030   Code   RO         2269    i.SDIO_Init         stm32f10x_sdio.o
    0x080028bc   0x0000000c   Code   RO         2270    i.SDIO_ReadData     stm32f10x_sdio.o
    0x080028c8   0x0000002c   Code   RO         2272    i.SDIO_SendCommand  stm32f10x_sdio.o
    0x080028f4   0x0000001c   Code   RO         2274    i.SDIO_SetPowerState  stm32f10x_sdio.o
    0x08002910   0x0000000c   Code   RO         2280    i.SDIO_WriteData    stm32f10x_sdio.o
    0x0800291c   0x00000068   Code   RO         3530    i.SD_DMA_Config     sdio_sdcard.o
    0x08002984   0x00000068   Code   RO         3531    i.SD_EnableWideBusOperation  sdio_sdcard.o
    0x080029ec   0x00000314   Code   RO         3532    i.SD_GetCardInfo    sdio_sdcard.o
    0x08002d00   0x00000100   Code   RO         3534    i.SD_Init           sdio_sdcard.o
    0x08002e00   0x00000154   Code   RO         3535    i.SD_InitializeCards  sdio_sdcard.o
    0x08002f54   0x000001dc   Code   RO         3537    i.SD_PowerON        sdio_sdcard.o
    0x08003130   0x0000013c   Code   RO         3538    i.SD_ProcessIRQSrc  sdio_sdcard.o
    0x0800326c   0x00000258   Code   RO         3539    i.SD_ReadBlock      sdio_sdcard.o
    0x080034c4   0x00000098   Code   RO         3540    i.SD_ReadDisk       sdio_sdcard.o
    0x0800355c   0x000002e8   Code   RO         3541    i.SD_ReadMultiBlocks  sdio_sdcard.o
    0x08003844   0x00000030   Code   RO         3542    i.SD_SelectDeselect  sdio_sdcard.o
    0x08003874   0x00000018   Code   RO         3544    i.SD_SetDeviceMode  sdio_sdcard.o
    0x0800388c   0x00000374   Code   RO         3545    i.SD_WriteBlock     sdio_sdcard.o
    0x08003c00   0x00000098   Code   RO         3546    i.SD_WriteDisk      sdio_sdcard.o
    0x08003c98   0x000003c0   Code   RO         3547    i.SD_WriteMultiBlocks  sdio_sdcard.o
    0x08004058   0x00000094   Code   RO         3719    i.SPI2_Init         spi.o
    0x080040ec   0x00000054   Code   RO         3720    i.SPI2_ReadWriteByte  spi.o
    0x08004140   0x00000028   Code   RO         3721    i.SPI2_SetSpeed     spi.o
    0x08004168   0x00000018   Code   RO         2442    i.SPI_Cmd           stm32f10x_spi.o
    0x08004180   0x00000012   Code   RO         2450    i.SPI_I2S_GetFlagStatus  stm32f10x_spi.o
    0x08004192   0x00000006   Code   RO         2453    i.SPI_I2S_ReceiveData  stm32f10x_spi.o
    0x08004198   0x00000004   Code   RO         2454    i.SPI_I2S_SendData  stm32f10x_spi.o
    0x0800419c   0x0000003c   Code   RO         2455    i.SPI_Init          stm32f10x_spi.o
    0x080041d8   0x00000002   Code   RO          279    i.SVC_Handler       stm32f10x_it.o
    0x080041da   0x00000002   PAD
    0x080041dc   0x00000034   Code   RO         3869    i.SendAddr          as608.o
    0x08004210   0x00000012   Code   RO         3870    i.SendCheck         as608.o
    0x08004222   0x0000000c   Code   RO         3871    i.SendFlag          as608.o
    0x0800422e   0x00000010   Code   RO         3872    i.SendHead          as608.o
    0x0800423e   0x00000014   Code   RO         3873    i.SendLength        as608.o
    0x08004252   0x0000000c   Code   RO         3874    i.Sendcmd           as608.o
    0x0800425e   0x00000008   Code   RO          362    i.SetSysClock       system_stm32f10x.o
    0x08004266   0x00000002   PAD
    0x08004268   0x000000e0   Code   RO          363    i.SetSysClockTo72   system_stm32f10x.o
    0x08004348   0x00000012   Code   RO            1    i.ShowErrMessage    main.o
    0x0800435a   0x00000028   Code   RO          400    i.SysTick_CLKSourceConfig  misc.o
    0x08004382   0x00000002   Code   RO          280    i.SysTick_Handler   stm32f10x_it.o
    0x08004384   0x00000060   Code   RO          365    i.SystemInit        system_stm32f10x.o
    0x080043e4   0x00000038   Code   RO         5182    i.TIM4_IRQHandler   usmart.o
    0x0800441c   0x00000024   Code   RO         4047    i.TIM6_IRQHandler   timer.o
    0x08004440   0x00000060   Code   RO         4048    i.TIM6_Int_Init     timer.o
    0x080044a0   0x00000034   Code   RO         4049    i.TIM7_IRQHandler   timer.o
    0x080044d4   0x00000060   Code   RO         4050    i.TIM7_Int_Init     timer.o
    0x08004534   0x00000006   Code   RO         2591    i.TIM_ClearFlag     stm32f10x_tim.o
    0x0800453a   0x00000006   Code   RO         2592    i.TIM_ClearITPendingBit  stm32f10x_tim.o
    0x08004540   0x00000018   Code   RO         2597    i.TIM_Cmd           stm32f10x_tim.o
    0x08004558   0x00000006   Code   RO         2616    i.TIM_GetCounter    stm32f10x_tim.o
    0x0800455e   0x00000012   Code   RO         2617    i.TIM_GetFlagStatus  stm32f10x_tim.o
    0x08004570   0x00000022   Code   RO         2618    i.TIM_GetITStatus   stm32f10x_tim.o
    0x08004592   0x00000012   Code   RO         2622    i.TIM_ITConfig      stm32f10x_tim.o
    0x080045a4   0x00000004   Code   RO         2656    i.TIM_SetAutoreload  stm32f10x_tim.o
    0x080045a8   0x00000004   Code   RO         2662    i.TIM_SetCounter    stm32f10x_tim.o
    0x080045ac   0x000000a4   Code   RO         2668    i.TIM_TimeBaseInit  stm32f10x_tim.o
    0x08004650   0x0000005c   Code   RO         5183    i.Timer4_Init       usmart.o
    0x080046ac   0x00000088   Code   RO         3435    i.USART1_IRQHandler  usart.o
    0x08004734   0x00000070   Code   RO         4009    i.USART2_IRQHandler  usart2.o
    0x080047a4   0x00000018   Code   RO         3133    i.USART_Cmd         stm32f10x_usart.o
    0x080047bc   0x0000009c   Code   RO         3135    i.USART_DeInit      stm32f10x_usart.o
    0x08004858   0x00000054   Code   RO         3137    i.USART_GetITStatus  stm32f10x_usart.o
    0x080048ac   0x0000004a   Code   RO         3139    i.USART_ITConfig    stm32f10x_usart.o
    0x080048f6   0x00000002   PAD
    0x080048f8   0x000000d8   Code   RO         3140    i.USART_Init        stm32f10x_usart.o
    0x080049d0   0x0000000a   Code   RO         3147    i.USART_ReceiveData  stm32f10x_usart.o
    0x080049da   0x00000004   Code   RO          281    i.UsageFault_Handler  stm32f10x_it.o
    0x080049de   0x00000002   PAD
    0x080049e0   0x00000058   Code   RO         3747    i.W25QXX_Erase_Sector  w25qxx.o
    0x08004a38   0x00000058   Code   RO         3748    i.W25QXX_Init       w25qxx.o
    0x08004a90   0x00000050   Code   RO         3750    i.W25QXX_Read       w25qxx.o
    0x08004ae0   0x00000048   Code   RO         3751    i.W25QXX_ReadID     w25qxx.o
    0x08004b28   0x0000002c   Code   RO         3752    i.W25QXX_ReadSR     w25qxx.o
    0x08004b54   0x00000012   Code   RO         3754    i.W25QXX_Wait_Busy  w25qxx.o
    0x08004b66   0x00000002   PAD
    0x08004b68   0x000000b8   Code   RO         3755    i.W25QXX_Write      w25qxx.o
    0x08004c20   0x00000020   Code   RO         3757    i.W25QXX_Write_Enable  w25qxx.o
    0x08004c40   0x00000046   Code   RO         3758    i.W25QXX_Write_NoCheck  w25qxx.o
    0x08004c86   0x00000002   PAD
    0x08004c88   0x00000054   Code   RO         3759    i.W25QXX_Write_Page  w25qxx.o
    0x08004cdc   0x0000000e   Code   RO         5737    i._is_digit         c_w.l(__printf_wp.o)
    0x08004cea   0x00000004   Code   RO         3436    i._sys_exit         usart.o
    0x08004cee   0x00000002   PAD
    0x08004cf0   0x00000090   Code   RO         4628    i.check_fs          ff.o
    0x08004d80   0x00000012   Code   RO         3548    i.convert_from_bytes_to_power_of_two  sdio_sdcard.o
    0x08004d92   0x00000002   PAD
    0x08004d94   0x00000044   Code   RO         3381    i.delay_init        delay.o
    0x08004dd8   0x0000004c   Code   RO         3382    i.delay_ms          delay.o
    0x08004e24   0x0000004c   Code   RO         3383    i.delay_us          delay.o
    0x08004e70   0x00000038   Code   RO         4568    i.disk_initialize   diskio.o
    0x08004ea8   0x0000007a   Code   RO         4570    i.disk_read         diskio.o
    0x08004f22   0x00000006   Code   RO         4571    i.disk_status       diskio.o
    0x08004f28   0x0000007a   Code   RO         4572    i.disk_write        diskio.o
    0x08004fa2   0x00000002   PAD
    0x08004fa4   0x00000084   Code   RO         4971    i.exfuns_init       exfuns.o
    0x08005028   0x0000005c   Code   RO         4651    i.f_mount           ff.o
    0x08005084   0x0000002c   Code   RO            4    i.face_recognition  main.o
    0x080050b0   0x00000394   Code   RO         4667    i.find_volume       ff.o
    0x08005444   0x0000027c   Code   RO            5    i.fingerprint_add   main.o
    0x080056c0   0x000000c8   Code   RO            6    i.fingerprint_delete  main.o
    0x08005788   0x00000020   Code   RO            7    i.fingerprint_recognition  main.o
    0x080057a8   0x0000001c   Code   RO         3437    i.fputc             usart.o
    0x080057c4   0x0000004a   Code   RO         4673    i.get_ldnumber      ff.o
    0x0800580e   0x0000000c   Code   RO            9    i.get_temperature   main.o
    0x0800581a   0x00000016   Code   RO           10    i.is_safe           main.o
    0x08005830   0x0000029c   Code   RO           11    i.main              main.o
    0x08005acc   0x00000034   Code   RO         4678    i.move_window       ff.o
    0x08005b00   0x0000006c   Code   RO         4498    i.my_mem_free       malloc.o
    0x08005b6c   0x00000044   Code   RO         4499    i.my_mem_init       malloc.o
    0x08005bb0   0x000000a8   Code   RO         4500    i.my_mem_malloc     malloc.o
    0x08005c58   0x00000040   Code   RO         4501    i.my_mem_perused    malloc.o
    0x08005c98   0x00000024   Code   RO         4502    i.myfree            malloc.o
    0x08005cbc   0x00000028   Code   RO         4503    i.mymalloc          malloc.o
    0x08005ce4   0x00000014   Code   RO         4505    i.mymemset          malloc.o
    0x08005cf8   0x000000b8   Code   RO           12    i.press_FR          main.o
    0x08005db0   0x00000006   Code   RO         5184    i.read_addr         usmart.o
    0x08005db6   0x00000052   Code   RO         4686    i.sync_window       ff.o
    0x08005e08   0x000000a0   Code   RO         3438    i.uart_init         usart.o
    0x08005ea8   0x00000090   Code   RO           13    i.upload_pic        main.o
    0x08005f38   0x000000d0   Code   RO         4011    i.usart2_init       usart2.o
    0x08006008   0x000000b0   Code   RO         5185    i.usmart_cmd_rec    usmart.o
    0x080060b8   0x000002d4   Code   RO         5186    i.usmart_exe        usmart.o
    0x0800638c   0x000000c8   Code   RO         5271    i.usmart_get_aparm  usmart_str.o
    0x08006454   0x00000036   Code   RO         5272    i.usmart_get_cmdname  usmart_str.o
    0x0800648a   0x00000002   PAD
    0x0800648c   0x000001c0   Code   RO         5273    i.usmart_get_fname  usmart_str.o
    0x0800664c   0x0000010c   Code   RO         5274    i.usmart_get_fparam  usmart_str.o
    0x08006758   0x00000020   Code   RO         5275    i.usmart_get_parmpos  usmart_str.o
    0x08006778   0x00000044   Code   RO         5187    i.usmart_get_runtime  usmart.o
    0x080067bc   0x00000028   Code   RO         5188    i.usmart_init       usmart.o
    0x080067e4   0x00000016   Code   RO         5276    i.usmart_pow        usmart_str.o
    0x080067fa   0x00000002   PAD
    0x080067fc   0x00000030   Code   RO         5189    i.usmart_reset_runtime  usmart.o
    0x0800682c   0x000000bc   Code   RO         5190    i.usmart_scan       usmart.o
    0x080068e8   0x00000016   Code   RO         5277    i.usmart_search_nextc  usmart_str.o
    0x080068fe   0x000000ca   Code   RO         5278    i.usmart_str2num    usmart_str.o
    0x080069c8   0x00000022   Code   RO         5279    i.usmart_strcmp     usmart_str.o
    0x080069ea   0x00000016   Code   RO         5280    i.usmart_strcopy    usmart_str.o
    0x08006a00   0x00000018   Code   RO         5281    i.usmart_strlen     usmart_str.o
    0x08006a18   0x000006e4   Code   RO         5191    i.usmart_sys_cmd_exe  usmart.o
    0x080070fc   0x00000070   Code   RO           14    i.wait_ack          main.o
    0x0800716c   0x00000004   Code   RO         5192    i.write_addr        usmart.o
    0x08007170   0x0000005e   Code   RO         5767    x$fpl$dfix          fz_ws.l(dfix.o)
    0x080071ce   0x00000002   PAD
    0x080071d0   0x00000154   Code   RO         5781    x$fpl$dmul          fz_ws.l(dmul.o)
    0x08007324   0x0000009c   Code   RO         5861    x$fpl$dnaninf       fz_ws.l(dnaninf.o)
    0x080073c0   0x0000000c   Code   RO         5863    x$fpl$dretinf       fz_ws.l(dretinf.o)
    0x080073cc   0x00000056   Code   RO         5783    x$fpl$f2d           fz_ws.l(f2d.o)
    0x08007422   0x00000002   PAD
    0x08007424   0x00000030   Code   RO         5800    x$fpl$fflt          fz_ws.l(fflt_clz.o)
    0x08007454   0x0000008c   Code   RO         5867    x$fpl$fnaninf       fz_ws.l(fnaninf.o)
    0x080074e0   0x00000000   Code   RO         5873    x$fpl$usenofp       fz_ws.l(usenofp.o)
    0x080074e0   0x00000082   Data   RO         4088    .constdata          ov7725.o
    0x08007562   0x00000002   PAD
    0x08007564   0x00000018   Data   RO         4510    .constdata          malloc.o
    0x0800757c   0x00000028   Data   RO         5725    .constdata          c_w.l(_printf_hex_int_ll_ptr.o)
    0x080075a4   0x00000011   Data   RO         5745    .constdata          c_w.l(__printf_flags_ss_wp.o)
    0x080075b5   0x00000003   PAD
    0x080075b8   0x0000004a   Data   RO           16    .conststring        main.o
    0x08007602   0x00000002   PAD
    0x08007604   0x00000028   Data   RO         5193    .conststring        usmart.o
    0x0800762c   0x00000127   Data   RO         5258    .conststring        usmart_config.o
    0x08007753   0x00000001   PAD
    0x08007754   0x00000020   Data   RO         6090    Region$$Table       anon$$obj.o


    Execution Region RW_IRAM1 (Base: 0x20000000, Size: 0x0000c900, Max: 0x00010000, ABSOLUTE, COMPRESSED[0x00000094])

    Base Addr    Size         Type   Attr      Idx    E Section Name        Object

    0x20000000   0x00000002   Data   RW           17    .data               main.o
    0x20000002   0x00000002   PAD
    0x20000004   0x00000014   Data   RW          366    .data               system_stm32f10x.o
    0x20000018   0x00000014   Data   RW         1993    .data               stm32f10x_rcc.o
    0x2000002c   0x00000004   Data   RW         3384    .data               delay.o
    0x20000030   0x00000006   Data   RW         3440    .data               usart.o
    0x20000036   0x00000001   Data   RW         3502    .data               key.o
    0x20000037   0x00000001   PAD
    0x20000038   0x00000010   Data   RW         3550    .data               sdio_sdcard.o
    0x20000048   0x00000002   Data   RW         3762    .data               w25qxx.o
    0x2000004a   0x00000002   PAD
    0x2000004c   0x00000004   Data   RW         3875    .data               as608.o
    0x20000050   0x00000002   Data   RW         4013    .data               usart2.o
    0x20000052   0x00000001   Data   RW         4051    .data               timer.o
    0x20000053   0x00000001   Data   RW         4459    .data               exti.o
    0x20000054   0x0000001c   Data   RW         4511    .data               malloc.o
    0x20000070   0x00000002   Data   RW         4576    .data               diskio.o
    0x20000072   0x00000002   PAD
    0x20000074   0x0000000a   Data   RW         4689    .data               ff.o
    0x2000007e   0x00000002   PAD
    0x20000080   0x0000001c   Data   RW         4976    .data               exfuns.o
    0x2000009c   0x0000001c   Data   RW         5194    .data               usmart.o
    0x200000b8   0x00000124   Data   RW         5259    .data               usmart_config.o
    0x200001dc   0x0000000c   Zero   RW           15    .bss                main.o
    0x200001e8   0x000000c8   Zero   RW         3439    .bss                usart.o
    0x200002b0   0x000002c0   Zero   RW         3549    .bss                sdio_sdcard.o
    0x20000570   0x00001000   Zero   RW         3761    .bss                w25qxx.o
    0x20001570   0x00000320   Zero   RW         4012    .bss                usart2.o
    0x20001890   0x00000010   PAD
    0x200018a0   0x0000aa00   Zero   RW         4509    .bss                malloc.o
    0x2000c2a0   0x00000060   Zero   RW         5961    .bss                c_w.l(libspace.o)
    0x2000c300   0x00000200   Zero   RW         3375    HEAP                startup_stm32f10x_hd.o
    0x2000c500   0x00000400   Zero   RW         3374    STACK               startup_stm32f10x_hd.o



  Load Region LR$$.ARM.__AT_0x68000000 (Base: 0x68000000, Size: 0x00000000, Max: 0x00000020, ABSOLUTE)

    Execution Region ER$$.ARM.__AT_0x68000000 (Base: 0x68000000, Size: 0x00000020, Max: 0x00000020, ABSOLUTE, UNINIT)

    Base Addr    Size         Type   Attr      Idx    E Section Name        Object

    0x68000000   0x00000020   Zero   RW         4507    .ARM.__AT_0x68000000  malloc.o



  Load Region LR$$.ARM.__AT_0x68000020 (Base: 0x68000020, Size: 0x00000000, Max: 0x00000004, ABSOLUTE)

    Execution Region ER$$.ARM.__AT_0x68000020 (Base: 0x68000020, Size: 0x00000004, Max: 0x00000004, ABSOLUTE, UNINIT)

    Base Addr    Size         Type   Attr      Idx    E Section Name        Object

    0x68000020   0x00000002   Zero   RW         4508    .ARM.__AT_0x68000020  malloc.o


==============================================================================

Image component sizes


      Code (inc. data)   RO Data    RW Data    ZI Data      Debug   Object Name

      2432        722          0          4          0      13897   as608.o
        56          6          0          0          0        464   beep.o
         0          0          0          0          0         32   core_cm3.o
       220         26          0          4          0       1607   delay.o
       306          4          0          2          0       4062   diskio.o
       654         58          0          0          0       4448   ds18b20.o
       132         18          0         28          0       1490   exfuns.o
       298         46          0          1          0       2524   exti.o
      1360         26          0         10          0      10086   ff.o
       224         22          0          1          0       1090   key.o
        76          8          0          0          0        471   led.o
      2072        664         74          2         12     288210   main.o
       504         60         24         28      43554       5769   malloc.o
       172         22          0          0          0       1937   misc.o
       730         52        130          0          0       4248   ov7725.o
       716         80          0          0          0       4205   sccb.o
      7230        386          0         16        704      32202   sdio_sdcard.o
       272         18          0          0          0       1697   spi.o
        64         26        304          0       1536        776   startup_stm32f10x_hd.o
       416          8          0          0          0       3302   stm32f10x_dma.o
       200         18          0          0          0       1992   stm32f10x_exti.o
       512         10          0          0          0       4916   stm32f10x_gpio.o
        26          0          0          0          0       3442   stm32f10x_it.o
       372         50          0         20          0       5912   stm32f10x_rcc.o
       304         72          0          0          0       7654   stm32f10x_sdio.o
       112          0          0          0          0       3662   stm32f10x_spi.o
       284         42          0          0          0       5992   stm32f10x_tim.o
       564         28          0          0          0       5409   stm32f10x_usart.o
         8          0          0          0          0        777   sys.o
       328         28          0         20          0       1937   system_stm32f10x.o
       280         30          0          1          0       2359   timer.o
       328         26          0          6        200       3940   usart.o
       320         40          0          2        800       1990   usart2.o
      3166       1330         40         28          0       7198   usmart.o
         0          0        295        292          0       1440   usmart_config.o
      1328         20          0          0          0       8117   usmart_str.o
       760         70          0          2       4096       6465   w25qxx.o

    ----------------------------------------------------------------------
     26870       4016        904        476      50920     455719   Object Totals
         0          0         32          0          0          0   (incl. Generated)
        44          0          5          9         18          0   (incl. Padding)

    ----------------------------------------------------------------------

      Code (inc. data)   RO Data    RW Data    ZI Data      Debug   Library Member Name

        24          4          0          0          0         84   __2printf.o
        44          6          0          0          0         84   __2sprintf.o
        90          0          0          0          0          0   __dczerorl2.o
         8          0          0          0          0         68   __main.o
       392          4         17          0          0         92   __printf_flags_ss_wp.o
        14          0          0          0          0         68   __printf_wp.o
         0          0          0          0          0          0   __rtentry.o
        12          0          0          0          0          0   __rtentry2.o
         6          0          0          0          0          0   __rtentry4.o
        52          8          0          0          0          0   __scatter.o
        28          0          0          0          0          0   __scatter_zi.o
         6          0          0          0          0          0   _printf_c.o
        44          0          0          0          0        108   _printf_char.o
        48          6          0          0          0         96   _printf_char_common.o
        36          4          0          0          0         80   _printf_char_file.o
         6          0          0          0          0          0   _printf_d.o
       120         16          0          0          0         92   _printf_dec.o
       148          4         40          0          0        160   _printf_hex_int_ll_ptr.o
       178          0          0          0          0         88   _printf_intcommon.o
        78          0          0          0          0        108   _printf_pad.o
         0          0          0          0          0          0   _printf_percent.o
         4          0          0          0          0          0   _printf_percent_end.o
         6          0          0          0          0          0   _printf_s.o
        82          0          0          0          0         80   _printf_str.o
         6          0          0          0          0          0   _printf_u.o
         6          0          0          0          0          0   _printf_x.o
        10          0          0          0          0         68   _sputc.o
        18          0          0          0          0         80   exit.o
         8          0          0          0          0         68   ferror.o
         6          0          0          0          0        152   heapauxi.o
         2          0          0          0          0          0   libinit.o
         2          0          0          0          0          0   libinit2.o
         2          0          0          0          0          0   libshutdown.o
         2          0          0          0          0          0   libshutdown2.o
         8          4          0          0         96         68   libspace.o
       138          0          0          0          0         68   rt_memcpy_v6.o
       100          0          0          0          0         80   rt_memcpy_w.o
         2          0          0          0          0          0   rtexit.o
        10          0          0          0          0          0   rtexit2.o
        36          0          0          0          0         80   strstr.o
        74          0          0          0          0         80   sys_stackheap_outer.o
         2          0          0          0          0         68   use_no_semi.o
         2          0          0          0          0         68   use_no_semi_2.o
        94          4          0          0          0         92   dfix.o
       340         12          0          0          0        104   dmul.o
       156          4          0          0          0         92   dnaninf.o
        12          0          0          0          0         68   dretinf.o
        86          4          0          0          0         84   f2d.o
        48          0          0          0          0         68   fflt_clz.o
       140          4          0          0          0         84   fnaninf.o
         0          0          0          0          0          0   usenofp.o

    ----------------------------------------------------------------------
      2746         84         60          0         96       2680   Library Totals
        10          0          3          0          0          0   (incl. Padding)

    ----------------------------------------------------------------------

      Code (inc. data)   RO Data    RW Data    ZI Data      Debug   Library Name

      1860         56         57          0         96       2088   c_w.l
       876         28          0          0          0        592   fz_ws.l

    ----------------------------------------------------------------------
      2746         84         60          0         96       2680   Library Totals

    ----------------------------------------------------------------------

==============================================================================


      Code (inc. data)   RO Data    RW Data    ZI Data      Debug   

     29616       4100        964        476      51016     445707   Grand Totals
     29616       4100        964        148      51016     445707   ELF Image Totals (compressed)
     29616       4100        964        148          0          0   ROM Totals

==============================================================================

    Total RO  Size (Code + RO Data)                30580 (  29.86kB)
    Total RW  Size (RW Data + ZI Data)             51492 (  50.29kB)
    Total ROM Size (Code + RO Data + RW Data)      30728 (  30.01kB)

==============================================================================

